
 /----------------------------------------------------------------------------\
 |  yosys -- Yosys Open SYnthesis Suite                                       |
 |  Copyright (C) 2012 - 2025  Claire Xenia Wolf <claire@yosyshq.com>         |
 |  Distributed under an ISC-like license, type "license" to see terms        |
 \----------------------------------------------------------------------------/
 Yosys 0.52 (git sha1 fee39a3284c90249e1d9684cf6944ffbbcbb8f90)

-- Executing script file `/dev/stdin' --

1. Executing Verilog-2005 frontend: rtl/core/alu.sv
Parsing SystemVerilog input from `rtl/core/alu.sv' to AST representation.
Generating RTLIL representation for module `\alu'.
Successfully finished Verilog frontend.

2. Executing Verilog-2005 frontend: rtl/core/regfile.sv
Parsing SystemVerilog input from `rtl/core/regfile.sv' to AST representation.
Generating RTLIL representation for module `\regfile'.
Successfully finished Verilog frontend.

3. Executing Verilog-2005 frontend: rtl/core/imm_gen.sv
Parsing SystemVerilog input from `rtl/core/imm_gen.sv' to AST representation.
Generating RTLIL representation for module `\imm_gen'.
Successfully finished Verilog frontend.

4. Executing Verilog-2005 frontend: rtl/core/decoder.sv
Parsing SystemVerilog input from `rtl/core/decoder.sv' to AST representation.
Generating RTLIL representation for module `\decoder'.
Successfully finished Verilog frontend.

5. Executing Verilog-2005 frontend: rtl/mem/imem.sv
Parsing SystemVerilog input from `rtl/mem/imem.sv' to AST representation.
Generating RTLIL representation for module `\imem'.
Successfully finished Verilog frontend.

6. Executing Verilog-2005 frontend: rtl/mem/dmem.sv
Parsing SystemVerilog input from `rtl/mem/dmem.sv' to AST representation.
Generating RTLIL representation for module `\dmem'.
Successfully finished Verilog frontend.

7. Executing Verilog-2005 frontend: rtl/periph/uart_tx.sv
Parsing SystemVerilog input from `rtl/periph/uart_tx.sv' to AST representation.
Generating RTLIL representation for module `\uart_tx'.
Successfully finished Verilog frontend.

8. Executing Verilog-2005 frontend: rtl/periph/uart_rx.sv
Parsing SystemVerilog input from `rtl/periph/uart_rx.sv' to AST representation.
Generating RTLIL representation for module `\uart_rx'.
Successfully finished Verilog frontend.

9. Executing Verilog-2005 frontend: rtl/periph/uart.sv
Parsing SystemVerilog input from `rtl/periph/uart.sv' to AST representation.
Generating RTLIL representation for module `\uart'.
Successfully finished Verilog frontend.

10. Executing Verilog-2005 frontend: rtl/periph/timer.sv
Parsing SystemVerilog input from `rtl/periph/timer.sv' to AST representation.
Generating RTLIL representation for module `\timer'.
Successfully finished Verilog frontend.

11. Executing Verilog-2005 frontend: rtl/custom/dotp.sv
Parsing SystemVerilog input from `rtl/custom/dotp.sv' to AST representation.
Generating RTLIL representation for module `\dotp'.
Warning: Replacing memory \b with list of registers. See rtl/custom/dotp.sv:63
Warning: Replacing memory \a with list of registers. See rtl/custom/dotp.sv:62
Successfully finished Verilog frontend.

12. Executing Verilog-2005 frontend: rtl/core/core_single.sv
Parsing SystemVerilog input from `rtl/core/core_single.sv' to AST representation.
Generating RTLIL representation for module `\core_single'.
Successfully finished Verilog frontend.

13. Executing HIERARCHY pass (managing design hierarchy).

13.1. Analyzing design hierarchy..
Top module:  \core_single
Used module:     \alu
Used module:     \imm_gen
Used module:     \regfile
Used module:     \decoder
Parameter \BYPASS = 1'0

13.2. Executing AST frontend in derive mode using pre-parsed AST for module `\regfile'.
Parameter \BYPASS = 1'0
Generating RTLIL representation for module `$paramod\regfile\BYPASS=1'0'.

13.3. Analyzing design hierarchy..
Top module:  \core_single
Used module:     \alu
Used module:     \imm_gen
Used module:     $paramod\regfile\BYPASS=1'0
Used module:     \decoder

13.4. Analyzing design hierarchy..
Top module:  \core_single
Used module:     \alu
Used module:     \imm_gen
Used module:     $paramod\regfile\BYPASS=1'0
Used module:     \decoder
Removing unused module `\dotp'.
Removing unused module `\timer'.
Removing unused module `\uart'.
Removing unused module `\uart_rx'.
Removing unused module `\uart_tx'.
Removing unused module `\dmem'.
Removing unused module `\imem'.
Removing unused module `\regfile'.
Removed 8 unused modules.

14. Executing FLATTEN pass (flatten design).
Deleting now unused module $paramod\regfile\BYPASS=1'0.
Deleting now unused module decoder.
Deleting now unused module imm_gen.
Deleting now unused module alu.
<suppressed ~4 debug messages>

15. Executing SYNTH pass.

15.1. Executing HIERARCHY pass (managing design hierarchy).

15.1.1. Analyzing design hierarchy..
Top module:  \core_single

15.1.2. Analyzing design hierarchy..
Top module:  \core_single
Removed 0 unused modules.

15.2. Executing PROC pass (convert processes to netlists).

15.2.1. Executing PROC_CLEAN pass (remove empty switches from decision trees).
Cleaned up 0 empty switches.

15.2.2. Executing PROC_RMDEAD pass (remove dead branches from decision trees).
Marked 1 switch rules as full_case in process $flatten\u_alu.$proc$rtl/core/alu.sv:0$4 in module core_single.
Marked 1 switch rules as full_case in process $flatten\u_imm.$proc$rtl/core/imm_gen.sv:0$39 in module core_single.
Marked 1 switch rules as full_case in process $flatten\u_rf.$proc$rtl/core/regfile.sv:32$190 in module core_single.
Marked 4 switch rules as full_case in process $flatten\u_rf.$proc$rtl/core/regfile.sv:0$209 in module core_single.
Removed 2 dead cases from process $flatten\u_dec.$proc$rtl/core/decoder.sv:0$40 in module core_single.
Marked 24 switch rules as full_case in process $flatten\u_dec.$proc$rtl/core/decoder.sv:0$40 in module core_single.
Marked 2 switch rules as full_case in process $proc$rtl/core/core_single.sv:193$186 in module core_single.
Marked 3 switch rules as full_case in process $proc$rtl/core/core_single.sv:0$184 in module core_single.
Marked 1 switch rules as full_case in process $proc$rtl/core/core_single.sv:0$178 in module core_single.
Marked 1 switch rules as full_case in process $proc$rtl/core/core_single.sv:0$164 in module core_single.
Marked 1 switch rules as full_case in process $proc$rtl/core/core_single.sv:0$162 in module core_single.
Removed a total of 2 dead cases.

15.2.3. Executing PROC_PRUNE pass (remove redundant assignments in processes).
Removed 1 redundant assignment.
Promoted 23 assignments to connections.

15.2.4. Executing PROC_INIT pass (extract init attributes).

15.2.5. Executing PROC_ARST pass (detect async resets in processes).
Found async reset \rst_n in `\core_single.$proc$rtl/core/core_single.sv:193$186'.

15.2.6. Executing PROC_ROM pass (convert switches to ROMs).
Converted 0 switches.
<suppressed ~39 debug messages>

15.2.7. Executing PROC_MUX pass (convert decision trees to multiplexers).
Creating decoders for process `\core_single.$flatten\u_alu.$proc$rtl/core/alu.sv:0$4'.
     1/1: $flatten\u_alu.$1\y[31:0]
Creating decoders for process `\core_single.$flatten\u_imm.$proc$rtl/core/imm_gen.sv:0$39'.
     1/1: $flatten\u_imm.$1\imm[31:0]
Creating decoders for process `\core_single.$flatten\u_rf.$proc$rtl/core/regfile.sv:32$190'.
     1/3: $flatten\u_rf.$1$memwr$\regs$rtl/core/regfile.sv:34$189_EN[31:0]$198
     2/3: $flatten\u_rf.$1$memwr$\regs$rtl/core/regfile.sv:34$189_DATA[31:0]$197
     3/3: $flatten\u_rf.$1$memwr$\regs$rtl/core/regfile.sv:34$189_ADDR[4:0]$196
Creating decoders for process `\core_single.$flatten\u_rf.$proc$rtl/core/regfile.sv:0$209'.
     1/4: $flatten\u_rf.$2\rdata2[31:0]
     2/4: $flatten\u_rf.$1\rdata2[31:0]
     3/4: $flatten\u_rf.$2\rdata1[31:0]
     4/4: $flatten\u_rf.$1\rdata1[31:0]
Creating decoders for process `\core_single.$flatten\u_dec.$proc$rtl/core/decoder.sv:0$40'.
     1/67: $flatten\u_dec.$3\is_cus[0:0]
     2/67: $flatten\u_dec.$3\is_mret[0:0]
     3/67: $flatten\u_dec.$4\br_type[2:0]
     4/67: $flatten\u_dec.$3\mem_we[0:0]
     5/67: $flatten\u_dec.$5\reg_we[0:0]
     6/67: $flatten\u_dec.$2\is_cus[0:0]
     7/67: $flatten\u_dec.$4\wb_sel[1:0]
     8/67: $flatten\u_dec.$4\reg_we[0:0]
     9/67: $flatten\u_dec.$23\illegal[0:0]
    10/67: $flatten\u_dec.$2\is_mret[0:0]
    11/67: $flatten\u_dec.$22\illegal[0:0]
    12/67: $flatten\u_dec.$21\illegal[0:0]
    13/67: $flatten\u_dec.$20\illegal[0:0]
    14/67: $flatten\u_dec.$12\alu_op[3:0]
    15/67: $flatten\u_dec.$19\illegal[0:0]
    16/67: $flatten\u_dec.$11\alu_op[3:0]
    17/67: $flatten\u_dec.$18\illegal[0:0]
    18/67: $flatten\u_dec.$17\illegal[0:0]
    19/67: $flatten\u_dec.$16\illegal[0:0]
    20/67: $flatten\u_dec.$15\illegal[0:0]
    21/67: $flatten\u_dec.$14\illegal[0:0]
    22/67: $flatten\u_dec.$10\alu_op[3:0]
    23/67: $flatten\u_dec.$13\illegal[0:0]
    24/67: $flatten\u_dec.$9\alu_op[3:0]
    25/67: $flatten\u_dec.$12\illegal[0:0]
    26/67: $flatten\u_dec.$8\alu_op[3:0]
    27/67: $flatten\u_dec.$11\illegal[0:0]
    28/67: $flatten\u_dec.$10\illegal[0:0]
    29/67: $flatten\u_dec.$7\alu_op[3:0]
    30/67: $flatten\u_dec.$6\alu_op[3:0]
    31/67: $flatten\u_dec.$9\illegal[0:0]
    32/67: $flatten\u_dec.$5\alu_op[3:0]
    33/67: $flatten\u_dec.$8\illegal[0:0]
    34/67: $flatten\u_dec.$7\illegal[0:0]
    35/67: $flatten\u_dec.$4\alu_op[3:0]
    36/67: $flatten\u_dec.$6\illegal[0:0]
    37/67: $flatten\u_dec.$4\imm_type[2:0]
    38/67: $flatten\u_dec.$3\alu_op[3:0]
    39/67: $flatten\u_dec.$3\alu_b_imm[0:0]
    40/67: $flatten\u_dec.$2\mem_we[0:0]
    41/67: $flatten\u_dec.$5\illegal[0:0]
    42/67: $flatten\u_dec.$3\imm_type[2:0]
    43/67: $flatten\u_dec.$2\alu_op[3:0]
    44/67: $flatten\u_dec.$2\alu_b_imm[0:0]
    45/67: $flatten\u_dec.$3\wb_sel[1:0]
    46/67: $flatten\u_dec.$3\reg_we[0:0]
    47/67: $flatten\u_dec.$4\illegal[0:0]
    48/67: $flatten\u_dec.$3\br_type[2:0]
    49/67: $flatten\u_dec.$3\illegal[0:0]
    50/67: $flatten\u_dec.$2\imm_type[2:0]
    51/67: $flatten\u_dec.$2\jalr[0:0]
    52/67: $flatten\u_dec.$2\br_type[2:0]
    53/67: $flatten\u_dec.$2\wb_sel[1:0]
    54/67: $flatten\u_dec.$2\reg_we[0:0]
    55/67: $flatten\u_dec.$2\illegal[0:0]
    56/67: $flatten\u_dec.$1\imm_type[2:0]
    57/67: $flatten\u_dec.$1\alu_op[3:0]
    58/67: $flatten\u_dec.$1\alu_b_imm[0:0]
    59/67: $flatten\u_dec.$1\alu_a_sel[1:0]
    60/67: $flatten\u_dec.$1\reg_we[0:0]
    61/67: $flatten\u_dec.$1\illegal[0:0]
    62/67: $flatten\u_dec.$1\is_cus[0:0]
    63/67: $flatten\u_dec.$1\is_mret[0:0]
    64/67: $flatten\u_dec.$1\jalr[0:0]
    65/67: $flatten\u_dec.$1\br_type[2:0]
    66/67: $flatten\u_dec.$1\mem_we[0:0]
    67/67: $flatten\u_dec.$1\wb_sel[1:0]
Creating decoders for process `\core_single.$proc$rtl/core/core_single.sv:193$186'.
     1/3: $0\pc[31:0]
     2/3: $0\in_handler[0:0]
     3/3: $0\epc[31:0]
Creating decoders for process `\core_single.$proc$rtl/core/core_single.sv:0$184'.
     1/3: $3\pc_next[31:0]
     2/3: $2\pc_next[31:0]
     3/3: $1\pc_next[31:0]
Creating decoders for process `\core_single.$proc$rtl/core/core_single.sv:0$178'.
     1/1: $1\wb_data[31:0]
Creating decoders for process `\core_single.$proc$rtl/core/core_single.sv:0$164'.
     1/1: $1\br_cond[0:0]
Creating decoders for process `\core_single.$proc$rtl/core/core_single.sv:0$162'.
     1/1: $1\alu_a[31:0]

15.2.8. Executing PROC_DLATCH pass (convert process syncs to latches).
No latch inferred for signal `\core_single.\u_alu.y' from process `\core_single.$flatten\u_alu.$proc$rtl/core/alu.sv:0$4'.
No latch inferred for signal `\core_single.\u_imm.imm' from process `\core_single.$flatten\u_imm.$proc$rtl/core/imm_gen.sv:0$39'.
No latch inferred for signal `\core_single.\u_rf.rdata1' from process `\core_single.$flatten\u_rf.$proc$rtl/core/regfile.sv:0$209'.
No latch inferred for signal `\core_single.\u_rf.rdata2' from process `\core_single.$flatten\u_rf.$proc$rtl/core/regfile.sv:0$209'.
No latch inferred for signal `\core_single.\u_dec.imm_type' from process `\core_single.$flatten\u_dec.$proc$rtl/core/decoder.sv:0$40'.
No latch inferred for signal `\core_single.\u_dec.reg_we' from process `\core_single.$flatten\u_dec.$proc$rtl/core/decoder.sv:0$40'.
No latch inferred for signal `\core_single.\u_dec.wb_sel' from process `\core_single.$flatten\u_dec.$proc$rtl/core/decoder.sv:0$40'.
No latch inferred for signal `\core_single.\u_dec.mem_we' from process `\core_single.$flatten\u_dec.$proc$rtl/core/decoder.sv:0$40'.
No latch inferred for signal `\core_single.\u_dec.alu_a_sel' from process `\core_single.$flatten\u_dec.$proc$rtl/core/decoder.sv:0$40'.
No latch inferred for signal `\core_single.\u_dec.alu_b_imm' from process `\core_single.$flatten\u_dec.$proc$rtl/core/decoder.sv:0$40'.
No latch inferred for signal `\core_single.\u_dec.alu_op' from process `\core_single.$flatten\u_dec.$proc$rtl/core/decoder.sv:0$40'.
No latch inferred for signal `\core_single.\u_dec.br_type' from process `\core_single.$flatten\u_dec.$proc$rtl/core/decoder.sv:0$40'.
No latch inferred for signal `\core_single.\u_dec.jalr' from process `\core_single.$flatten\u_dec.$proc$rtl/core/decoder.sv:0$40'.
No latch inferred for signal `\core_single.\u_dec.is_mret' from process `\core_single.$flatten\u_dec.$proc$rtl/core/decoder.sv:0$40'.
No latch inferred for signal `\core_single.\u_dec.is_cus' from process `\core_single.$flatten\u_dec.$proc$rtl/core/decoder.sv:0$40'.
No latch inferred for signal `\core_single.\u_dec.illegal' from process `\core_single.$flatten\u_dec.$proc$rtl/core/decoder.sv:0$40'.
No latch inferred for signal `\core_single.\pc_next' from process `\core_single.$proc$rtl/core/core_single.sv:0$184'.
No latch inferred for signal `\core_single.\wb_data' from process `\core_single.$proc$rtl/core/core_single.sv:0$178'.
No latch inferred for signal `\core_single.\br_cond' from process `\core_single.$proc$rtl/core/core_single.sv:0$164'.
No latch inferred for signal `\core_single.\alu_a' from process `\core_single.$proc$rtl/core/core_single.sv:0$162'.

15.2.9. Executing PROC_DFF pass (convert process syncs to FFs).
Creating register for signal `\core_single.$flatten\u_rf.$memwr$\regs$rtl/core/regfile.sv:34$189_ADDR' using process `\core_single.$flatten\u_rf.$proc$rtl/core/regfile.sv:32$190'.
  created $dff cell `$procdff$1065' with positive edge clock.
Creating register for signal `\core_single.$flatten\u_rf.$memwr$\regs$rtl/core/regfile.sv:34$189_DATA' using process `\core_single.$flatten\u_rf.$proc$rtl/core/regfile.sv:32$190'.
  created $dff cell `$procdff$1066' with positive edge clock.
Creating register for signal `\core_single.$flatten\u_rf.$memwr$\regs$rtl/core/regfile.sv:34$189_EN' using process `\core_single.$flatten\u_rf.$proc$rtl/core/regfile.sv:32$190'.
  created $dff cell `$procdff$1067' with positive edge clock.
Creating register for signal `\core_single.\pc' using process `\core_single.$proc$rtl/core/core_single.sv:193$186'.
  created $adff cell `$procdff$1072' with positive edge clock and positive level reset.
Creating register for signal `\core_single.\epc' using process `\core_single.$proc$rtl/core/core_single.sv:193$186'.
  created $adff cell `$procdff$1077' with positive edge clock and positive level reset.
Creating register for signal `\core_single.\in_handler' using process `\core_single.$proc$rtl/core/core_single.sv:193$186'.
  created $adff cell `$procdff$1082' with positive edge clock and positive level reset.

15.2.10. Executing PROC_MEMWR pass (convert process memory writes to cells).

15.2.11. Executing PROC_CLEAN pass (remove empty switches from decision trees).
Found and cleaned up 1 empty switch in `\core_single.$flatten\u_alu.$proc$rtl/core/alu.sv:0$4'.
Removing empty process `core_single.$flatten\u_alu.$proc$rtl/core/alu.sv:0$4'.
Found and cleaned up 1 empty switch in `\core_single.$flatten\u_imm.$proc$rtl/core/imm_gen.sv:0$39'.
Removing empty process `core_single.$flatten\u_imm.$proc$rtl/core/imm_gen.sv:0$39'.
Found and cleaned up 1 empty switch in `\core_single.$flatten\u_rf.$proc$rtl/core/regfile.sv:32$190'.
Removing empty process `core_single.$flatten\u_rf.$proc$rtl/core/regfile.sv:32$190'.
Found and cleaned up 4 empty switches in `\core_single.$flatten\u_rf.$proc$rtl/core/regfile.sv:0$209'.
Removing empty process `core_single.$flatten\u_rf.$proc$rtl/core/regfile.sv:0$209'.
Found and cleaned up 24 empty switches in `\core_single.$flatten\u_dec.$proc$rtl/core/decoder.sv:0$40'.
Removing empty process `core_single.$flatten\u_dec.$proc$rtl/core/decoder.sv:0$40'.
Found and cleaned up 2 empty switches in `\core_single.$proc$rtl/core/core_single.sv:193$186'.
Removing empty process `core_single.$proc$rtl/core/core_single.sv:193$186'.
Found and cleaned up 3 empty switches in `\core_single.$proc$rtl/core/core_single.sv:0$184'.
Removing empty process `core_single.$proc$rtl/core/core_single.sv:0$184'.
Found and cleaned up 1 empty switch in `\core_single.$proc$rtl/core/core_single.sv:0$178'.
Removing empty process `core_single.$proc$rtl/core/core_single.sv:0$178'.
Found and cleaned up 1 empty switch in `\core_single.$proc$rtl/core/core_single.sv:0$164'.
Removing empty process `core_single.$proc$rtl/core/core_single.sv:0$164'.
Found and cleaned up 1 empty switch in `\core_single.$proc$rtl/core/core_single.sv:0$162'.
Removing empty process `core_single.$proc$rtl/core/core_single.sv:0$162'.
Cleaned up 39 empty switches.

15.2.12. Executing OPT_EXPR pass (perform const folding).
Optimizing module core_single.
Couldn't topologically sort cells, optimizing module core_single may take a longer time.
<suppressed ~46 debug messages>

15.3. Executing OPT_EXPR pass (perform const folding).
Optimizing module core_single.

15.4. Executing OPT_CLEAN pass (remove unused cells and wires).
Finding unused cells or wires in module \core_single..
Removed 11 unused cells and 235 unused wires.
<suppressed ~12 debug messages>

15.5. Executing CHECK pass (checking for obvious problems).
Checking module core_single...
Found and reported 0 problems.

15.6. Executing OPT pass (performing simple optimizations).

15.6.1. Executing OPT_EXPR pass (perform const folding).
Optimizing module core_single.

15.6.2. Executing OPT_MERGE pass (detect identical cells).
Finding identical cells in module `\core_single'.
<suppressed ~489 debug messages>
Removed a total of 163 cells.

15.6.3. Executing OPT_MUXTREE pass (detect dead branches in mux trees).
Running muxtree optimizer on module \core_single..
  Creating internal representation of mux trees.
  Evaluating internal representation of mux trees.
  Analyzing evaluation results.
    dead port 2/2 on $mux $procmux$378.
    dead port 2/2 on $mux $procmux$388.
    dead port 2/2 on $mux $procmux$390.
    dead port 2/2 on $mux $procmux$401.
    dead port 2/2 on $mux $procmux$403.
    dead port 2/2 on $mux $procmux$415.
    dead port 2/2 on $mux $procmux$417.
    dead port 2/2 on $mux $procmux$430.
    dead port 2/2 on $mux $procmux$432.
    dead port 2/2 on $mux $procmux$446.
    dead port 2/2 on $mux $procmux$448.
    dead port 1/2 on $mux $procmux$464.
    dead port 1/2 on $mux $procmux$467.
    dead port 2/2 on $mux $procmux$469.
    dead port 2/2 on $mux $procmux$471.
    dead port 1/2 on $mux $procmux$487.
    dead port 1/2 on $mux $procmux$490.
    dead port 2/2 on $mux $procmux$492.
    dead port 2/2 on $mux $procmux$494.
    dead port 1/2 on $mux $procmux$510.
    dead port 2/2 on $mux $procmux$512.
    dead port 2/2 on $mux $procmux$514.
    dead port 1/2 on $mux $procmux$530.
    dead port 2/2 on $mux $procmux$532.
    dead port 2/2 on $mux $procmux$534.
    dead port 2/2 on $mux $procmux$549.
    dead port 2/2 on $mux $procmux$551.
    dead port 2/2 on $mux $procmux$566.
    dead port 2/2 on $mux $procmux$568.
    dead port 2/2 on $mux $procmux$582.
    dead port 2/2 on $mux $procmux$596.
    dead port 1/2 on $mux $procmux$606.
    dead port 2/2 on $mux $procmux$608.
    dead port 2/2 on $mux $procmux$610.
    dead port 1/2 on $mux $procmux$620.
    dead port 2/2 on $mux $procmux$622.
    dead port 2/2 on $mux $procmux$624.
    dead port 2/2 on $mux $procmux$633.
    dead port 2/2 on $mux $procmux$635.
    dead port 2/2 on $mux $procmux$644.
    dead port 2/2 on $mux $procmux$646.
    dead port 1/2 on $mux $procmux$1034.
    dead port 2/2 on $mux $procmux$656.
    dead port 1/2 on $mux $procmux$1037.
    dead port 2/2 on $mux $procmux$658.
    dead port 1/2 on $mux $procmux$1043.
    dead port 2/2 on $mux $procmux$673.
    dead port 2/2 on $mux $procmux$688.
    dead port 2/2 on $mux $procmux$698.
    dead port 2/2 on $mux $procmux$707.
    dead port 2/2 on $mux $procmux$717.
    dead port 2/2 on $mux $procmux$727.
    dead port 2/2 on $mux $procmux$737.
    dead port 2/2 on $mux $procmux$747.
    dead port 2/2 on $mux $procmux$757.
    dead port 2/2 on $mux $procmux$768.
    dead port 2/2 on $mux $procmux$779.
    dead port 2/2 on $mux $procmux$790.
    dead port 2/2 on $mux $procmux$801.
    dead port 2/2 on $mux $procmux$818.
    dead port 1/2 on $mux $procmux$251.
    dead port 1/2 on $mux $procmux$260.
    dead port 2/2 on $mux $procmux$835.
    dead port 2/2 on $mux $procmux$847.
    dead port 2/2 on $mux $procmux$860.
    dead port 2/2 on $mux $procmux$873.
    dead port 2/2 on $mux $procmux$886.
    dead port 2/2 on $mux $procmux$899.
    dead port 2/2 on $mux $procmux$284.
    dead port 2/2 on $mux $procmux$912.
    dead port 2/2 on $mux $procmux$289.
    dead port 2/2 on $mux $procmux$295.
    dead port 2/2 on $mux $procmux$301.
    dead port 2/2 on $mux $procmux$308.
    dead port 2/2 on $mux $procmux$315.
    dead port 2/2 on $mux $procmux$323.
    dead port 2/2 on $mux $procmux$325.
    dead port 2/2 on $mux $procmux$334.
    dead port 2/2 on $mux $procmux$336.
    dead port 1/2 on $mux $procmux$347.
    dead port 2/2 on $mux $procmux$349.
    dead port 2/2 on $mux $procmux$351.
    dead port 1/2 on $mux $procmux$362.
    dead port 2/2 on $mux $procmux$364.
    dead port 2/2 on $mux $procmux$366.
    dead port 2/2 on $mux $procmux$376.
Removed 86 multiplexer ports.
<suppressed ~25 debug messages>

15.6.4. Executing OPT_REDUCE pass (consolidate $*mux and $reduce_* inputs).
  Optimizing cells in module \core_single.
    New ctrl vector for $pmux cell $procmux$679: { $auto$opt_reduce.cc:137:opt_pmux$1085 $procmux$447_CMP $procmux$350_CMP }
    Consolidated identical input bits for $mux cell $procmux$239:
      Old ports: A=0, B=32'11111111111111111111111111111111, Y=$flatten\u_rf.$0$memwr$\regs$rtl/core/regfile.sv:34$189_EN[31:0]$193
      New ports: A=1'0, B=1'1, Y=$flatten\u_rf.$0$memwr$\regs$rtl/core/regfile.sv:34$189_EN[31:0]$193 [0]
      New connections: $flatten\u_rf.$0$memwr$\regs$rtl/core/regfile.sv:34$189_EN[31:0]$193 [31:1] = { $flatten\u_rf.$0$memwr$\regs$rtl/core/regfile.sv:34$189_EN[31:0]$193 [0] $flatten\u_rf.$0$memwr$\regs$rtl/core/regfile.sv:34$189_EN[31:0]$193 [0] $flatten\u_rf.$0$memwr$\regs$rtl/core/regfile.sv:34$189_EN[31:0]$193 [0] $flatten\u_rf.$0$memwr$\regs$rtl/core/regfile.sv:34$189_EN[31:0]$193 [0] $flatten\u_rf.$0$memwr$\regs$rtl/core/regfile.sv:34$189_EN[31:0]$193 [0] $flatten\u_rf.$0$memwr$\regs$rtl/core/regfile.sv:34$189_EN[31:0]$193 [0] $flatten\u_rf.$0$memwr$\regs$rtl/core/regfile.sv:34$189_EN[31:0]$193 [0] $flatten\u_rf.$0$memwr$\regs$rtl/core/regfile.sv:34$189_EN[31:0]$193 [0] $flatten\u_rf.$0$memwr$\regs$rtl/core/regfile.sv:34$189_EN[31:0]$193 [0] $flatten\u_rf.$0$memwr$\regs$rtl/core/regfile.sv:34$189_EN[31:0]$193 [0] $flatten\u_rf.$0$memwr$\regs$rtl/core/regfile.sv:34$189_EN[31:0]$193 [0] $flatten\u_rf.$0$memwr$\regs$rtl/core/regfile.sv:34$189_EN[31:0]$193 [0] $flatten\u_rf.$0$memwr$\regs$rtl/core/regfile.sv:34$189_EN[31:0]$193 [0] $flatten\u_rf.$0$memwr$\regs$rtl/core/regfile.sv:34$189_EN[31:0]$193 [0] $flatten\u_rf.$0$memwr$\regs$rtl/core/regfile.sv:34$189_EN[31:0]$193 [0] $flatten\u_rf.$0$memwr$\regs$rtl/core/regfile.sv:34$189_EN[31:0]$193 [0] $flatten\u_rf.$0$memwr$\regs$rtl/core/regfile.sv:34$189_EN[31:0]$193 [0] $flatten\u_rf.$0$memwr$\regs$rtl/core/regfile.sv:34$189_EN[31:0]$193 [0] $flatten\u_rf.$0$memwr$\regs$rtl/core/regfile.sv:34$189_EN[31:0]$193 [0] $flatten\u_rf.$0$memwr$\regs$rtl/core/regfile.sv:34$189_EN[31:0]$193 [0] $flatten\u_rf.$0$memwr$\regs$rtl/core/regfile.sv:34$189_EN[31:0]$193 [0] $flatten\u_rf.$0$memwr$\regs$rtl/core/regfile.sv:34$189_EN[31:0]$193 [0] $flatten\u_rf.$0$memwr$\regs$rtl/core/regfile.sv:34$189_EN[31:0]$193 [0] $flatten\u_rf.$0$memwr$\regs$rtl/core/regfile.sv:34$189_EN[31:0]$193 [0] $flatten\u_rf.$0$memwr$\regs$rtl/core/regfile.sv:34$189_EN[31:0]$193 [0] $flatten\u_rf.$0$memwr$\regs$rtl/core/regfile.sv:34$189_EN[31:0]$193 [0] $flatten\u_rf.$0$memwr$\regs$rtl/core/regfile.sv:34$189_EN[31:0]$193 [0] $flatten\u_rf.$0$memwr$\regs$rtl/core/regfile.sv:34$189_EN[31:0]$193 [0] $flatten\u_rf.$0$memwr$\regs$rtl/core/regfile.sv:34$189_EN[31:0]$193 [0] $flatten\u_rf.$0$memwr$\regs$rtl/core/regfile.sv:34$189_EN[31:0]$193 [0] $flatten\u_rf.$0$memwr$\regs$rtl/core/regfile.sv:34$189_EN[31:0]$193 [0] }
    New ctrl vector for $pmux cell $procmux$828: $auto$opt_reduce.cc:137:opt_pmux$1087
    New ctrl vector for $pmux cell $procmux$919: { $auto$opt_reduce.cc:137:opt_pmux$1089 $procmux$1008_CMP $procmux$1006_CMP $procmux$1015_CMP }
    New ctrl vector for $pmux cell $procmux$930: { $procmux$611_CMP $procmux$326_CMP }
    New ctrl vector for $pmux cell $procmux$939: { $procmux$1019_CMP $procmux$1015_CMP $auto$opt_reduce.cc:137:opt_pmux$1091 }
    New ctrl vector for $pmux cell $procmux$959: { $procmux$1007_CMP $procmux$1019_CMP $auto$opt_reduce.cc:137:opt_pmux$1093 $procmux$1018_CMP }
    New ctrl vector for $pmux cell $procmux$969: { $auto$opt_reduce.cc:137:opt_pmux$1095 $procmux$1007_CMP $procmux$1006_CMP $procmux$1019_CMP $procmux$1015_CMP $procmux$611_CMP $procmux$326_CMP $procmux$309_CMP $procmux$1018_CMP }
    New ctrl vector for $pmux cell $procmux$1017: { $procmux$1008_CMP $procmux$1007_CMP $procmux$1019_CMP }
  Optimizing cells in module \core_single.
Performed a total of 9 changes.

15.6.5. Executing OPT_MERGE pass (detect identical cells).
Finding identical cells in module `\core_single'.
<suppressed ~54 debug messages>
Removed a total of 18 cells.

15.6.6. Executing OPT_DFF pass (perform DFF optimizations).

15.6.7. Executing OPT_CLEAN pass (remove unused cells and wires).
Finding unused cells or wires in module \core_single..
Removed 0 unused cells and 267 unused wires.
<suppressed ~1 debug messages>

15.6.8. Executing OPT_EXPR pass (perform const folding).
Optimizing module core_single.

15.6.9. Rerunning OPT passes. (Maybe there is more to do..)

15.6.10. Executing OPT_MUXTREE pass (detect dead branches in mux trees).
Running muxtree optimizer on module \core_single..
  Creating internal representation of mux trees.
  Evaluating internal representation of mux trees.
  Analyzing evaluation results.
Removed 0 multiplexer ports.
<suppressed ~30 debug messages>

15.6.11. Executing OPT_REDUCE pass (consolidate $*mux and $reduce_* inputs).
  Optimizing cells in module \core_single.
    New ctrl vector for $pmux cell $procmux$573: { $flatten\u_dec.$eq$rtl/core/decoder.sv:168$59_Y $procmux$350_CMP $auto$opt_reduce.cc:137:opt_pmux$1097 }
    New ctrl vector for $pmux cell $procmux$939: { $auto$opt_reduce.cc:137:opt_pmux$1099 $auto$opt_reduce.cc:137:opt_pmux$1091 }
    New ctrl vector for $pmux cell $procmux$959: { $procmux$1019_CMP $auto$opt_reduce.cc:137:opt_pmux$1093 $auto$opt_reduce.cc:137:opt_pmux$1101 }
    New ctrl vector for $pmux cell $procmux$969: { $auto$opt_reduce.cc:137:opt_pmux$1095 $procmux$1006_CMP $auto$opt_reduce.cc:137:opt_pmux$1105 $procmux$611_CMP $procmux$326_CMP $procmux$309_CMP $auto$opt_reduce.cc:137:opt_pmux$1103 }
  Optimizing cells in module \core_single.
Performed a total of 4 changes.

15.6.12. Executing OPT_MERGE pass (detect identical cells).
Finding identical cells in module `\core_single'.
<suppressed ~6 debug messages>
Removed a total of 2 cells.

15.6.13. Executing OPT_DFF pass (perform DFF optimizations).

15.6.14. Executing OPT_CLEAN pass (remove unused cells and wires).
Finding unused cells or wires in module \core_single..
Removed 0 unused cells and 2 unused wires.
<suppressed ~1 debug messages>

15.6.15. Executing OPT_EXPR pass (perform const folding).
Optimizing module core_single.

15.6.16. Rerunning OPT passes. (Maybe there is more to do..)

15.6.17. Executing OPT_MUXTREE pass (detect dead branches in mux trees).
Running muxtree optimizer on module \core_single..
  Creating internal representation of mux trees.
  Evaluating internal representation of mux trees.
  Analyzing evaluation results.
Removed 0 multiplexer ports.
<suppressed ~30 debug messages>

15.6.18. Executing OPT_REDUCE pass (consolidate $*mux and $reduce_* inputs).
  Optimizing cells in module \core_single.
Performed a total of 0 changes.

15.6.19. Executing OPT_MERGE pass (detect identical cells).
Finding identical cells in module `\core_single'.
Removed a total of 0 cells.

15.6.20. Executing OPT_DFF pass (perform DFF optimizations).

15.6.21. Executing OPT_CLEAN pass (remove unused cells and wires).
Finding unused cells or wires in module \core_single..

15.6.22. Executing OPT_EXPR pass (perform const folding).
Optimizing module core_single.

15.6.23. Finished OPT passes. (There is nothing left to do.)

15.7. Executing FSM pass (extract and optimize FSM).

15.7.1. Executing FSM_DETECT pass (finding FSMs in design).

15.7.2. Executing FSM_EXTRACT pass (extracting FSM from design).

15.7.3. Executing FSM_OPT pass (simple optimizations of FSMs).

15.7.4. Executing OPT_CLEAN pass (remove unused cells and wires).
Finding unused cells or wires in module \core_single..

15.7.5. Executing FSM_OPT pass (simple optimizations of FSMs).

15.7.6. Executing FSM_RECODE pass (re-assigning FSM state encoding).

15.7.7. Executing FSM_INFO pass (dumping all available information on FSM cells).

15.7.8. Executing FSM_MAP pass (mapping FSMs to basic logic).

15.8. Executing OPT pass (performing simple optimizations).

15.8.1. Executing OPT_EXPR pass (perform const folding).
Optimizing module core_single.

15.8.2. Executing OPT_MERGE pass (detect identical cells).
Finding identical cells in module `\core_single'.
Removed a total of 0 cells.

15.8.3. Executing OPT_MUXTREE pass (detect dead branches in mux trees).
Running muxtree optimizer on module \core_single..
  Creating internal representation of mux trees.
  Evaluating internal representation of mux trees.
  Analyzing evaluation results.
Removed 0 multiplexer ports.
<suppressed ~30 debug messages>

15.8.4. Executing OPT_REDUCE pass (consolidate $*mux and $reduce_* inputs).
  Optimizing cells in module \core_single.
Performed a total of 0 changes.

15.8.5. Executing OPT_MERGE pass (detect identical cells).
Finding identical cells in module `\core_single'.
Removed a total of 0 cells.

15.8.6. Executing OPT_DFF pass (perform DFF optimizations).
Adding EN signal on $procdff$1082 ($adff) from module core_single (D = $0\in_handler[0:0], Q = \in_handler).
Adding EN signal on $procdff$1077 ($adff) from module core_single (D = \pc, Q = \epc).

15.8.7. Executing OPT_CLEAN pass (remove unused cells and wires).
Finding unused cells or wires in module \core_single..
Removed 1 unused cells and 1 unused wires.
<suppressed ~2 debug messages>

15.8.8. Executing OPT_EXPR pass (perform const folding).
Optimizing module core_single.
<suppressed ~1 debug messages>

15.8.9. Rerunning OPT passes. (Maybe there is more to do..)

15.8.10. Executing OPT_MUXTREE pass (detect dead branches in mux trees).
Running muxtree optimizer on module \core_single..
  Creating internal representation of mux trees.
  Evaluating internal representation of mux trees.
  Analyzing evaluation results.
Removed 0 multiplexer ports.
<suppressed ~29 debug messages>

15.8.11. Executing OPT_REDUCE pass (consolidate $*mux and $reduce_* inputs).
  Optimizing cells in module \core_single.
Performed a total of 0 changes.

15.8.12. Executing OPT_MERGE pass (detect identical cells).
Finding identical cells in module `\core_single'.
Removed a total of 0 cells.

15.8.13. Executing OPT_DFF pass (perform DFF optimizations).

15.8.14. Executing OPT_CLEAN pass (remove unused cells and wires).
Finding unused cells or wires in module \core_single..

15.8.15. Executing OPT_EXPR pass (perform const folding).
Optimizing module core_single.

15.8.16. Finished OPT passes. (There is nothing left to do.)

15.9. Executing WREDUCE pass (reducing word size of cells).
Removed top 2 bits (of 4) from port B of cell core_single.$procmux$227_CMP0 ($eq).
Removed top 1 bits (of 4) from port B of cell core_single.$procmux$226_CMP0 ($eq).
Removed top 1 bits (of 3) from port B of cell core_single.$procmux$234_CMP0 ($eq).
Removed top 1 bits (of 4) from port B of cell core_single.$procmux$225_CMP0 ($eq).
Removed top 1 bits (of 4) from port B of cell core_single.$procmux$224_CMP0 ($eq).
Removed top 1 bits (of 3) from port B of cell core_single.$procmux$235_CMP0 ($eq).
Removed top 1 bits (of 4) from port B of cell core_single.$procmux$223_CMP0 ($eq).
Removed top 3 bits (of 4) from port B of cell core_single.$procmux$229_CMP0 ($eq).
Removed top 2 bits (of 4) from port B of cell core_single.$procmux$228_CMP0 ($eq).
Removed top 2 bits (of 3) from port B of cell core_single.$procmux$236_CMP0 ($eq).
Removed top 1 bits (of 7) from port B of cell core_single.$procmux$326_CMP0 ($eq).
Removed top 2 bits (of 32) from port B of cell core_single.$flatten\u_dec.$eq$rtl/core/decoder.sv:161$58 ($eq).
Removed top 1 bits (of 3) from port B of cell core_single.$flatten\u_dec.$eq$rtl/core/decoder.sv:105$43 ($eq).
Removed top 1 bits (of 7) from port B of cell core_single.$flatten\u_dec.$eq$rtl/core/decoder.sv:131$46 ($eq).
Removed top 6 bits (of 7) from port B of cell core_single.$flatten\u_dec.$eq$rtl/core/decoder.sv:143$49 ($eq).
Removed top 2 bits (of 3) from port B of cell core_single.$procmux$447_CMP0 ($eq).
Removed top 1 bits (of 2) from port B of cell core_single.$eq$rtl/core/core_single.sv:161$175 ($eq).
Removed top 29 bits (of 32) from port B of cell core_single.$add$rtl/core/core_single.sv:174$179 ($add).
Removed top 1 bits (of 3) from port B of cell core_single.$procmux$416_CMP0 ($eq).
Removed top 1 bits (of 4) from mux cell core_single.$procmux$603 ($mux).
Removed top 2 bits (of 7) from port B of cell core_single.$procmux$611_CMP0 ($eq).
Removed top 1 bits (of 4) from mux cell core_single.$procmux$631 ($mux).
Removed top 2 bits (of 3) from mux cell core_single.$procmux$696 ($mux).
Removed top 1 bits (of 2) from mux cell core_single.$procmux$777 ($mux).
Removed top 2 bits (of 7) from port B of cell core_single.$procmux$925_CMP0 ($eq).
Removed top 1 bits (of 7) from port B of cell core_single.$procmux$926_CMP0 ($eq).
Removed top 1 bits (of 7) from port B of cell core_single.$procmux$1015_CMP0 ($eq).
Removed top 3 bits (of 7) from port B of cell core_single.$procmux$1018_CMP0 ($eq).
Removed top 5 bits (of 7) from port B of cell core_single.$procmux$1019_CMP0 ($eq).
Removed top 1 bits (of 3) from port B of cell core_single.$procmux$1058_CMP0 ($eq).
Removed top 1 bits (of 3) from port B of cell core_single.$procmux$1059_CMP0 ($eq).
Removed top 2 bits (of 3) from port B of cell core_single.$procmux$1060_CMP0 ($eq).
Removed top 1 bits (of 2) from port B of cell core_single.$procmux$1064_CMP0 ($eq).
Removed top 1 bits (of 4) from wire core_single.$flatten\u_dec.$11\alu_op[3:0].
Removed top 1 bits (of 4) from wire core_single.$flatten\u_dec.$12\alu_op[3:0].
Removed top 1 bits (of 2) from wire core_single.$flatten\u_dec.$3\wb_sel[1:0].
Removed top 2 bits (of 3) from wire core_single.$flatten\u_dec.$4\imm_type[2:0].

15.10. Executing PEEPOPT pass (run peephole optimizers).

15.11. Executing OPT_CLEAN pass (remove unused cells and wires).
Finding unused cells or wires in module \core_single..
Removed 0 unused cells and 4 unused wires.
<suppressed ~1 debug messages>

15.12. Executing ALUMACC pass (create $alu and $macc cells).
Extracting $alu and $macc cells in module core_single:
  creating $macc model for $add$rtl/core/core_single.sv:149$168 ($add).
  creating $macc model for $add$rtl/core/core_single.sv:149$170 ($add).
  creating $macc model for $add$rtl/core/core_single.sv:174$179 ($add).
  creating $macc model for $flatten\u_alu.$add$rtl/core/alu.sv:22$5 ($add).
  creating $macc model for $flatten\u_alu.$mul$rtl/core/alu.sv:32$13 ($mul).
  creating $macc model for $flatten\u_alu.$sub$rtl/core/alu.sv:23$6 ($sub).
  creating $alu model for $macc $flatten\u_alu.$sub$rtl/core/alu.sv:23$6.
  creating $alu model for $macc $flatten\u_alu.$add$rtl/core/alu.sv:22$5.
  creating $alu model for $macc $add$rtl/core/core_single.sv:174$179.
  creating $alu model for $macc $add$rtl/core/core_single.sv:149$170.
  creating $alu model for $macc $add$rtl/core/core_single.sv:149$168.
  creating $macc cell for $flatten\u_alu.$mul$rtl/core/alu.sv:32$13: $auto$alumacc.cc:365:replace_macc$1114
  creating $alu model for $flatten\u_alu.$lt$rtl/core/alu.sv:17$2 ($lt): new $alu
  creating $alu model for $flatten\u_alu.$lt$rtl/core/alu.sv:18$3 ($lt): merged with $flatten\u_alu.$sub$rtl/core/alu.sv:23$6.
  creating $alu model for $flatten\u_alu.$eq$rtl/core/alu.sv:16$1 ($eq): merged with $flatten\u_alu.$sub$rtl/core/alu.sv:23$6.
  creating $alu cell for $add$rtl/core/core_single.sv:149$168: $auto$alumacc.cc:495:replace_alu$1116
  creating $alu cell for $add$rtl/core/core_single.sv:149$170: $auto$alumacc.cc:495:replace_alu$1119
  creating $alu cell for $add$rtl/core/core_single.sv:174$179: $auto$alumacc.cc:495:replace_alu$1122
  creating $alu cell for $flatten\u_alu.$add$rtl/core/alu.sv:22$5: $auto$alumacc.cc:495:replace_alu$1125
  creating $alu cell for $flatten\u_alu.$lt$rtl/core/alu.sv:17$2: $auto$alumacc.cc:495:replace_alu$1128
  creating $alu cell for $flatten\u_alu.$sub$rtl/core/alu.sv:23$6, $flatten\u_alu.$lt$rtl/core/alu.sv:18$3, $flatten\u_alu.$eq$rtl/core/alu.sv:16$1: $auto$alumacc.cc:495:replace_alu$1135
  created 6 $alu and 1 $macc cells.

15.13. Executing SHARE pass (SAT-based resource sharing).
Found 5 cells in module core_single that may be considered for resource sharing.
  Analyzing resource sharing options for $flatten\u_rf.$memrd$\regs$rtl/core/regfile.sv:54$213 ($memrd):
    Found 1 activation_patterns using ctrl signal $flatten\u_rf.$eq$rtl/core/regfile.sv:49$212_Y.
    Found 1 candidates: $flatten\u_rf.$memrd$\regs$rtl/core/regfile.sv:47$211
    Analyzing resource sharing with $flatten\u_rf.$memrd$\regs$rtl/core/regfile.sv:47$211 ($memrd):
      Found 1 activation_patterns using ctrl signal $flatten\u_rf.$eq$rtl/core/regfile.sv:42$210_Y.
      Forbidden control signals for this pair of cells: \br_cond
      Activation pattern for cell $flatten\u_rf.$memrd$\regs$rtl/core/regfile.sv:54$213: $flatten\u_rf.$eq$rtl/core/regfile.sv:49$212_Y = 1'0
      Activation pattern for cell $flatten\u_rf.$memrd$\regs$rtl/core/regfile.sv:47$211: $flatten\u_rf.$eq$rtl/core/regfile.sv:42$210_Y = 1'0
      Size of SAT problem: 2 cells, 27 variables, 51 clauses
      According to the SAT solver this pair of cells can not be shared.
      Model from SAT solver: { $flatten\u_rf.$eq$rtl/core/regfile.sv:49$212_Y $flatten\u_rf.$eq$rtl/core/regfile.sv:42$210_Y } = 2'00
  Analyzing resource sharing options for $flatten\u_rf.$memrd$\regs$rtl/core/regfile.sv:47$211 ($memrd):
    Found 1 activation_patterns using ctrl signal $flatten\u_rf.$eq$rtl/core/regfile.sv:42$210_Y.
    No candidates found.
  Analyzing resource sharing options for $flatten\u_alu.$sshr$rtl/core/alu.sv:29$10 ($sshr):
    Found 1 activation_patterns using ctrl signal $procmux$223_CMP.
    No candidates found.
  Analyzing resource sharing options for $flatten\u_alu.$shr$rtl/core/alu.sv:28$9 ($shr):
    Found 1 activation_patterns using ctrl signal $procmux$224_CMP.
    No candidates found.
  Analyzing resource sharing options for $flatten\u_alu.$shl$rtl/core/alu.sv:24$7 ($shl):
    Found 1 activation_patterns using ctrl signal $procmux$228_CMP.
    No candidates found.

15.14. Executing OPT pass (performing simple optimizations).

15.14.1. Executing OPT_EXPR pass (perform const folding).
Optimizing module core_single.
<suppressed ~1 debug messages>

15.14.2. Executing OPT_MERGE pass (detect identical cells).
Finding identical cells in module `\core_single'.
Removed a total of 0 cells.

15.14.3. Executing OPT_MUXTREE pass (detect dead branches in mux trees).
Running muxtree optimizer on module \core_single..
  Creating internal representation of mux trees.
  Evaluating internal representation of mux trees.
  Analyzing evaluation results.
Removed 0 multiplexer ports.
<suppressed ~29 debug messages>

15.14.4. Executing OPT_REDUCE pass (consolidate $*mux and $reduce_* inputs).
  Optimizing cells in module \core_single.
Performed a total of 0 changes.

15.14.5. Executing OPT_MERGE pass (detect identical cells).
Finding identical cells in module `\core_single'.
<suppressed ~6 debug messages>
Removed a total of 2 cells.

15.14.6. Executing OPT_DFF pass (perform DFF optimizations).

15.14.7. Executing OPT_CLEAN pass (remove unused cells and wires).
Finding unused cells or wires in module \core_single..
Removed 0 unused cells and 6 unused wires.
<suppressed ~1 debug messages>

15.14.8. Executing OPT_EXPR pass (perform const folding).
Optimizing module core_single.

15.14.9. Rerunning OPT passes. (Maybe there is more to do..)

15.14.10. Executing OPT_MUXTREE pass (detect dead branches in mux trees).
Running muxtree optimizer on module \core_single..
  Creating internal representation of mux trees.
  Evaluating internal representation of mux trees.
  Analyzing evaluation results.
Removed 0 multiplexer ports.
<suppressed ~29 debug messages>

15.14.11. Executing OPT_REDUCE pass (consolidate $*mux and $reduce_* inputs).
  Optimizing cells in module \core_single.
Performed a total of 0 changes.

15.14.12. Executing OPT_MERGE pass (detect identical cells).
Finding identical cells in module `\core_single'.
Removed a total of 0 cells.

15.14.13. Executing OPT_DFF pass (perform DFF optimizations).

15.14.14. Executing OPT_CLEAN pass (remove unused cells and wires).
Finding unused cells or wires in module \core_single..

15.14.15. Executing OPT_EXPR pass (perform const folding).
Optimizing module core_single.

15.14.16. Finished OPT passes. (There is nothing left to do.)

15.15. Executing MEMORY pass.

15.15.1. Executing OPT_MEM pass (optimize memories).
Performed a total of 0 transformations.

15.15.2. Executing OPT_MEM_PRIORITY pass (removing unnecessary memory write priority relations).
Performed a total of 0 transformations.

15.15.3. Executing OPT_MEM_FEEDBACK pass (finding memory read-to-write feedback paths).
  Analyzing core_single.u_rf.regs write port 0.

15.15.4. Executing MEMORY_BMUX2ROM pass (converting muxes to ROMs).

15.15.5. Executing MEMORY_DFF pass (merging $dff cells to $memrd).
Checking read port `\u_rf.regs'[0] in module `\core_single': no output FF found.
Checking read port `\u_rf.regs'[1] in module `\core_single': no output FF found.
Checking read port address `\u_rf.regs'[0] in module `\core_single': no address FF found.
Checking read port address `\u_rf.regs'[1] in module `\core_single': no address FF found.

15.15.6. Executing OPT_CLEAN pass (remove unused cells and wires).
Finding unused cells or wires in module \core_single..

15.15.7. Executing MEMORY_SHARE pass (consolidating $memrd/$memwr cells).
Consolidating read ports of memory core_single.u_rf.regs by address:

15.15.8. Executing OPT_MEM_WIDEN pass (optimize memories where all ports are wide).
Performed a total of 0 transformations.

15.15.9. Executing OPT_CLEAN pass (remove unused cells and wires).
Finding unused cells or wires in module \core_single..

15.15.10. Executing MEMORY_COLLECT pass (generating $mem cells).

15.16. Executing OPT_CLEAN pass (remove unused cells and wires).
Finding unused cells or wires in module \core_single..

15.17. Executing OPT pass (performing simple optimizations).

15.17.1. Executing OPT_EXPR pass (perform const folding).
Optimizing module core_single.
<suppressed ~25 debug messages>

15.17.2. Executing OPT_MERGE pass (detect identical cells).
Finding identical cells in module `\core_single'.
Removed a total of 0 cells.

15.17.3. Executing OPT_DFF pass (perform DFF optimizations).
Adding EN signal on $procdff$1072 ($adff) from module core_single (D = \pc_next [1:0], Q = \pc [1:0]).

15.17.4. Executing OPT_CLEAN pass (remove unused cells and wires).
Finding unused cells or wires in module \core_single..
Removed 1 unused cells and 10 unused wires.
<suppressed ~2 debug messages>

15.17.5. Rerunning OPT passes. (Removed registers in this run.)

15.17.6. Executing OPT_EXPR pass (perform const folding).
Optimizing module core_single.
<suppressed ~1 debug messages>

15.17.7. Executing OPT_MERGE pass (detect identical cells).
Finding identical cells in module `\core_single'.
Removed a total of 0 cells.

15.17.8. Executing OPT_DFF pass (perform DFF optimizations).

15.17.9. Executing OPT_CLEAN pass (remove unused cells and wires).
Finding unused cells or wires in module \core_single..

15.17.10. Finished fast OPT passes.

15.18. Executing MEMORY_MAP pass (converting memories to logic and flip-flops).
Mapping memory \u_rf.regs in module \core_single:
  created 32 $dff cells and 0 static cells of width 32.
  read interface: 0 $dff and 62 $mux cells.
  write interface: 32 write mux blocks.

15.19. Executing OPT pass (performing simple optimizations).

15.19.1. Executing OPT_EXPR pass (perform const folding).
Optimizing module core_single.
<suppressed ~10 debug messages>

15.19.2. Executing OPT_MERGE pass (detect identical cells).
Finding identical cells in module `\core_single'.
Removed a total of 0 cells.

15.19.3. Executing OPT_MUXTREE pass (detect dead branches in mux trees).
Running muxtree optimizer on module \core_single..
  Creating internal representation of mux trees.
  Evaluating internal representation of mux trees.
  Analyzing evaluation results.
Removed 0 multiplexer ports.
<suppressed ~54 debug messages>

15.19.4. Executing OPT_REDUCE pass (consolidate $*mux and $reduce_* inputs).
  Optimizing cells in module \core_single.
    Consolidated identical input bits for $mux cell $procmux$461:
      Old ports: A=4'0000, B=4'1010, Y=$flatten\u_dec.$10\alu_op[3:0]
      New ports: A=1'0, B=1'1, Y=$flatten\u_dec.$10\alu_op[3:0] [1]
      New connections: { $flatten\u_dec.$10\alu_op[3:0] [3:2] $flatten\u_dec.$10\alu_op[3:0] [0] } = { $flatten\u_dec.$10\alu_op[3:0] [1] 2'00 }
    Consolidated identical input bits for $mux cell $procmux$603:
      Old ports: A=3'000, B=3'111, Y=$auto$wreduce.cc:514:run$1111 [2:0]
      New ports: A=1'0, B=1'1, Y=$auto$wreduce.cc:514:run$1111 [0]
      New connections: $auto$wreduce.cc:514:run$1111 [2:1] = { $auto$wreduce.cc:514:run$1111 [0] $auto$wreduce.cc:514:run$1111 [0] }
    Consolidated identical input bits for $mux cell $procmux$871:
      Old ports: A=3'000, B=3'111, Y=$flatten\u_dec.$2\br_type[2:0]
      New ports: A=1'0, B=1'1, Y=$flatten\u_dec.$2\br_type[2:0] [0]
      New connections: $flatten\u_dec.$2\br_type[2:0] [2:1] = { $flatten\u_dec.$2\br_type[2:0] [0] $flatten\u_dec.$2\br_type[2:0] [0] }
    Consolidated identical input bits for $mux cell $procmux$884:
      Old ports: A=2'00, B=2'10, Y=$flatten\u_dec.$2\wb_sel[1:0]
      New ports: A=1'0, B=1'1, Y=$flatten\u_dec.$2\wb_sel[1:0] [1]
      New connections: $flatten\u_dec.$2\wb_sel[1:0] [0] = 1'0
  Optimizing cells in module \core_single.
    Consolidated identical input bits for $mux cell $procmux$507:
      Old ports: A=$flatten\u_dec.$10\alu_op[3:0], B=4'0001, Y=$flatten\u_dec.$9\alu_op[3:0]
      New ports: A={ $flatten\u_dec.$10\alu_op[3:0] [1] 1'0 }, B=2'01, Y=$flatten\u_dec.$9\alu_op[3:0] [1:0]
      New connections: $flatten\u_dec.$9\alu_op[3:0] [3:2] = { $flatten\u_dec.$9\alu_op[3:0] [1] 1'0 }
    Consolidated identical input bits for $mux cell $procmux$631:
      Old ports: A=$auto$wreduce.cc:514:run$1111 [2:0], B=3'110, Y=$auto$wreduce.cc:514:run$1110 [2:0]
      New ports: A={ $auto$wreduce.cc:514:run$1111 [0] $auto$wreduce.cc:514:run$1111 [0] }, B=2'10, Y=$auto$wreduce.cc:514:run$1110 [1:0]
      New connections: $auto$wreduce.cc:514:run$1110 [2] = $auto$wreduce.cc:514:run$1110 [1]
  Optimizing cells in module \core_single.
    Consolidated identical input bits for $mux cell $procmux$547:
      Old ports: A=$flatten\u_dec.$9\alu_op[3:0], B=4'0000, Y=$flatten\u_dec.$8\alu_op[3:0]
      New ports: A=$flatten\u_dec.$9\alu_op[3:0] [1:0], B=2'00, Y=$flatten\u_dec.$8\alu_op[3:0] [1:0]
      New connections: $flatten\u_dec.$8\alu_op[3:0] [3:2] = { $flatten\u_dec.$8\alu_op[3:0] [1] 1'0 }
  Optimizing cells in module \core_single.
Performed a total of 7 changes.

15.19.5. Executing OPT_MERGE pass (detect identical cells).
Finding identical cells in module `\core_single'.
<suppressed ~3 debug messages>
Removed a total of 1 cells.

15.19.6. Executing OPT_SHARE pass.

15.19.7. Executing OPT_DFF pass (perform DFF optimizations).

15.19.8. Executing OPT_CLEAN pass (remove unused cells and wires).
Finding unused cells or wires in module \core_single..
Removed 0 unused cells and 102 unused wires.
<suppressed ~1 debug messages>

15.19.9. Executing OPT_EXPR pass (perform const folding).
Optimizing module core_single.
<suppressed ~3 debug messages>

15.19.10. Rerunning OPT passes. (Maybe there is more to do..)

15.19.11. Executing OPT_MUXTREE pass (detect dead branches in mux trees).
Running muxtree optimizer on module \core_single..
  Creating internal representation of mux trees.
  Evaluating internal representation of mux trees.
  Analyzing evaluation results.
Removed 0 multiplexer ports.
<suppressed ~54 debug messages>

15.19.12. Executing OPT_REDUCE pass (consolidate $*mux and $reduce_* inputs).
  Optimizing cells in module \core_single.
Performed a total of 0 changes.

15.19.13. Executing OPT_MERGE pass (detect identical cells).
Finding identical cells in module `\core_single'.
Removed a total of 0 cells.

15.19.14. Executing OPT_SHARE pass.

15.19.15. Executing OPT_DFF pass (perform DFF optimizations).
Adding EN signal on $memory\u_rf.regs[9]$1168 ($dff) from module core_single (D = \wb_data, Q = \u_rf.regs[9]).
Adding EN signal on $memory\u_rf.regs[8]$1166 ($dff) from module core_single (D = \wb_data, Q = \u_rf.regs[8]).
Adding EN signal on $memory\u_rf.regs[7]$1164 ($dff) from module core_single (D = \wb_data, Q = \u_rf.regs[7]).
Adding EN signal on $memory\u_rf.regs[6]$1162 ($dff) from module core_single (D = \wb_data, Q = \u_rf.regs[6]).
Adding EN signal on $memory\u_rf.regs[5]$1160 ($dff) from module core_single (D = \wb_data, Q = \u_rf.regs[5]).
Adding EN signal on $memory\u_rf.regs[4]$1158 ($dff) from module core_single (D = \wb_data, Q = \u_rf.regs[4]).
Adding EN signal on $memory\u_rf.regs[3]$1156 ($dff) from module core_single (D = \wb_data, Q = \u_rf.regs[3]).
Adding EN signal on $memory\u_rf.regs[31]$1212 ($dff) from module core_single (D = \wb_data, Q = \u_rf.regs[31]).
Adding EN signal on $memory\u_rf.regs[30]$1210 ($dff) from module core_single (D = \wb_data, Q = \u_rf.regs[30]).
Adding EN signal on $memory\u_rf.regs[2]$1154 ($dff) from module core_single (D = \wb_data, Q = \u_rf.regs[2]).
Adding EN signal on $memory\u_rf.regs[29]$1208 ($dff) from module core_single (D = \wb_data, Q = \u_rf.regs[29]).
Adding EN signal on $memory\u_rf.regs[28]$1206 ($dff) from module core_single (D = \wb_data, Q = \u_rf.regs[28]).
Adding EN signal on $memory\u_rf.regs[27]$1204 ($dff) from module core_single (D = \wb_data, Q = \u_rf.regs[27]).
Adding EN signal on $memory\u_rf.regs[26]$1202 ($dff) from module core_single (D = \wb_data, Q = \u_rf.regs[26]).
Adding EN signal on $memory\u_rf.regs[25]$1200 ($dff) from module core_single (D = \wb_data, Q = \u_rf.regs[25]).
Adding EN signal on $memory\u_rf.regs[24]$1198 ($dff) from module core_single (D = \wb_data, Q = \u_rf.regs[24]).
Adding EN signal on $memory\u_rf.regs[23]$1196 ($dff) from module core_single (D = \wb_data, Q = \u_rf.regs[23]).
Adding EN signal on $memory\u_rf.regs[22]$1194 ($dff) from module core_single (D = \wb_data, Q = \u_rf.regs[22]).
Adding EN signal on $memory\u_rf.regs[21]$1192 ($dff) from module core_single (D = \wb_data, Q = \u_rf.regs[21]).
Adding EN signal on $memory\u_rf.regs[20]$1190 ($dff) from module core_single (D = \wb_data, Q = \u_rf.regs[20]).
Adding EN signal on $memory\u_rf.regs[1]$1152 ($dff) from module core_single (D = \wb_data, Q = \u_rf.regs[1]).
Adding EN signal on $memory\u_rf.regs[19]$1188 ($dff) from module core_single (D = \wb_data, Q = \u_rf.regs[19]).
Adding EN signal on $memory\u_rf.regs[18]$1186 ($dff) from module core_single (D = \wb_data, Q = \u_rf.regs[18]).
Adding EN signal on $memory\u_rf.regs[17]$1184 ($dff) from module core_single (D = \wb_data, Q = \u_rf.regs[17]).
Adding EN signal on $memory\u_rf.regs[16]$1182 ($dff) from module core_single (D = \wb_data, Q = \u_rf.regs[16]).
Adding EN signal on $memory\u_rf.regs[15]$1180 ($dff) from module core_single (D = \wb_data, Q = \u_rf.regs[15]).
Adding EN signal on $memory\u_rf.regs[14]$1178 ($dff) from module core_single (D = \wb_data, Q = \u_rf.regs[14]).
Adding EN signal on $memory\u_rf.regs[13]$1176 ($dff) from module core_single (D = \wb_data, Q = \u_rf.regs[13]).
Adding EN signal on $memory\u_rf.regs[12]$1174 ($dff) from module core_single (D = \wb_data, Q = \u_rf.regs[12]).
Adding EN signal on $memory\u_rf.regs[11]$1172 ($dff) from module core_single (D = \wb_data, Q = \u_rf.regs[11]).
Adding EN signal on $memory\u_rf.regs[10]$1170 ($dff) from module core_single (D = \wb_data, Q = \u_rf.regs[10]).
Adding EN signal on $memory\u_rf.regs[0]$1150 ($dff) from module core_single (D = \wb_data, Q = \u_rf.regs[0]).

15.19.16. Executing OPT_CLEAN pass (remove unused cells and wires).
Finding unused cells or wires in module \core_single..
Removed 32 unused cells and 35 unused wires.
<suppressed ~33 debug messages>

15.19.17. Executing OPT_EXPR pass (perform const folding).
Optimizing module core_single.

15.19.18. Rerunning OPT passes. (Maybe there is more to do..)

15.19.19. Executing OPT_MUXTREE pass (detect dead branches in mux trees).
Running muxtree optimizer on module \core_single..
  Creating internal representation of mux trees.
  Evaluating internal representation of mux trees.
  Analyzing evaluation results.
Removed 0 multiplexer ports.
<suppressed ~22 debug messages>

15.19.20. Executing OPT_REDUCE pass (consolidate $*mux and $reduce_* inputs).
  Optimizing cells in module \core_single.
Performed a total of 0 changes.

15.19.21. Executing OPT_MERGE pass (detect identical cells).
Finding identical cells in module `\core_single'.
Removed a total of 0 cells.

15.19.22. Executing OPT_SHARE pass.

15.19.23. Executing OPT_DFF pass (perform DFF optimizations).

15.19.24. Executing OPT_CLEAN pass (remove unused cells and wires).
Finding unused cells or wires in module \core_single..

15.19.25. Executing OPT_EXPR pass (perform const folding).
Optimizing module core_single.

15.19.26. Finished OPT passes. (There is nothing left to do.)

15.20. Executing TECHMAP pass (map to technology primitives).

15.20.1. Executing Verilog-2005 frontend: /usr/bin/../share/yosys/techmap.v
Parsing Verilog input from `/usr/bin/../share/yosys/techmap.v' to AST representation.
Generating RTLIL representation for module `\_90_simplemap_bool_ops'.
Generating RTLIL representation for module `\_90_simplemap_reduce_ops'.
Generating RTLIL representation for module `\_90_simplemap_logic_ops'.
Generating RTLIL representation for module `\_90_simplemap_compare_ops'.
Generating RTLIL representation for module `\_90_simplemap_various'.
Generating RTLIL representation for module `\_90_simplemap_registers'.
Generating RTLIL representation for module `\_90_shift_ops_shr_shl_sshl_sshr'.
Generating RTLIL representation for module `\_90_shift_shiftx'.
Generating RTLIL representation for module `\_90_fa'.
Generating RTLIL representation for module `\_90_lcu_brent_kung'.
Generating RTLIL representation for module `\_90_alu'.
Generating RTLIL representation for module `\_90_macc'.
Generating RTLIL representation for module `\_90_alumacc'.
Generating RTLIL representation for module `\$__div_mod_u'.
Generating RTLIL representation for module `\$__div_mod_trunc'.
Generating RTLIL representation for module `\_90_div'.
Generating RTLIL representation for module `\_90_mod'.
Generating RTLIL representation for module `\$__div_mod_floor'.
Generating RTLIL representation for module `\_90_divfloor'.
Generating RTLIL representation for module `\_90_modfloor'.
Generating RTLIL representation for module `\_90_pow'.
Generating RTLIL representation for module `\_90_pmux'.
Generating RTLIL representation for module `\_90_demux'.
Generating RTLIL representation for module `\_90_lut'.
Successfully finished Verilog frontend.

15.20.2. Continuing TECHMAP pass.
Using extmapper simplemap for cells of type $eq.
Using template $paramod$59b03ae2620a41577de8da5f5c97b2919e82362b\_90_pmux for cells of type $pmux.
Using extmapper simplemap for cells of type $logic_not.
Using template $paramod$8fabc56b80a569262acfc42757a02ca0b8e91278\_90_pmux for cells of type $pmux.
Using template $paramod$fbc7873bff55778c0b3173955b7e4bce1d9d6834\_90_alu for cells of type $alu.
Using template $paramod$constmap:4621fcf06a436d1e2a4080e2ed9866a7d07a6e07$paramod$335cfd09f1afa8139c4aafcbbe5f361887b79c5e\_90_shift_ops_shr_shl_sshl_sshr for cells of type $shl.
Using template $paramod$constmap:4621fcf06a436d1e2a4080e2ed9866a7d07a6e07$paramod$feecc7a0dbd012970970f2858f15e786e251f677\_90_shift_ops_shr_shl_sshl_sshr for cells of type $shr.
Using template $paramod$constmap:4621fcf06a436d1e2a4080e2ed9866a7d07a6e07$paramod$e765c459d3029c22a22a27989e94858fd9ebfa9c\_90_shift_ops_shr_shl_sshl_sshr for cells of type $sshr.
Using template $paramod$a5f0941832cc861549e29ccafffe20bfdf2e5528\_90_pmux for cells of type $pmux.
Using extmapper simplemap for cells of type $dffe.
Using extmapper simplemap for cells of type $and.
Using extmapper simplemap for cells of type $reduce_and.
Using extmapper simplemap for cells of type $not.
Using extmapper simplemap for cells of type $reduce_bool.
Using extmapper simplemap for cells of type $reduce_or.
Using extmapper simplemap for cells of type $adff.
Using extmapper simplemap for cells of type $xor.
Using extmapper maccmap for cells of type $macc_v2.
  add \u_alu.a * \u_alu.b (32x32 bits, unsigned)
Using extmapper simplemap for cells of type $adffe.
Using extmapper simplemap for cells of type $logic_and.
Using template $paramod$2653f68ddb8eab7b1907b4a20767b72a824a7a36\_90_alu for cells of type $alu.
Using extmapper simplemap for cells of type $or.
Using template $paramod$44a13d10af618e7fbe7b9aad2f6151ffcee1e2fa\_90_alu for cells of type $alu.
Using template $paramod$c5c783b17ab1d780abfad8cfe6563a0a7b47a3b0\_90_pmux for cells of type $pmux.
Using template $paramod$33afdd83bf3811dac2de7a968d39eea5718691bc\_90_pmux for cells of type $pmux.
Using template $paramod$57f63e8a3282e053be0430389b09fa050ac7dca0\_90_pmux for cells of type $pmux.
Using template $paramod$d31bf4d7d72e59528d18fbd4f322e9d608532043\_90_pmux for cells of type $pmux.
Using template $paramod$bf2533632d512eac76dd186c0da49367e29b8e98\_90_pmux for cells of type $pmux.
Using template $paramod$521ce43182eecb9f60c72393a788160d2c356bf5\_90_pmux for cells of type $pmux.
Using template $paramod$d629d85c8826a74239b9178d1930215a43b0ceb0\_90_pmux for cells of type $pmux.
Using template $paramod$bf541dd3c0ba8228982b61e7bfbc350a2c253f4c\_90_pmux for cells of type $pmux.
Using template $paramod$85df5dc01c7df96a7d8e5f1fdf76ce9ac452af63\_90_pmux for cells of type $pmux.
Using template $paramod$97565c3687be688407d1272a293bd9d0ae6852dc\_90_pmux for cells of type $pmux.
Using template $paramod\_90_lcu_brent_kung\WIDTH=32'00000000000000000000000000100000 for cells of type $lcu.
Using extmapper simplemap for cells of type $pos.
Using template $paramod\_90_fa\WIDTH=32'00000000000000000000000000100000 for cells of type $fa.
Using template $paramod\_90_lcu_brent_kung\WIDTH=32'00000000000000000000000000011110 for cells of type $lcu.
No more expansions possible.
<suppressed ~3639 debug messages>

15.21. Executing OPT pass (performing simple optimizations).

15.21.1. Executing OPT_EXPR pass (perform const folding).
Optimizing module core_single.
<suppressed ~4007 debug messages>

15.21.2. Executing OPT_MERGE pass (detect identical cells).
Finding identical cells in module `\core_single'.
<suppressed ~2352 debug messages>
Removed a total of 784 cells.

15.21.3. Executing OPT_DFF pass (perform DFF optimizations).

15.21.4. Executing OPT_CLEAN pass (remove unused cells and wires).
Finding unused cells or wires in module \core_single..
Removed 278 unused cells and 1745 unused wires.
<suppressed ~279 debug messages>

15.21.5. Finished fast OPT passes.

15.22. Executing ABC pass (technology mapping using ABC).

15.22.1. Extracting gate netlist of module `\core_single' to `<abc-temp-dir>/input.blif'..
Replacing 2 occurrences of constant undef bits with constant zero bits
Extracted 8117 gates and 9306 wires to a netlist network with 1186 inputs and 199 outputs.

15.22.1.1. Executing ABC.
Running ABC command: "<yosys-exe-dir>/yosys-abc" -s -f <abc-temp-dir>/abc.script 2>&1
ABC: ABC command line: "source <abc-temp-dir>/abc.script".
ABC: 
ABC: + read_blif <abc-temp-dir>/input.blif 
ABC: + read_library <abc-temp-dir>/stdcells.genlib 
ABC: + strash 
ABC: + dretime 
ABC: + map 
ABC: + write_blif <abc-temp-dir>/output.blif 

15.22.1.2. Re-integrating ABC results.
ABC RESULTS:               AND cells:      128
ABC RESULTS:            ANDNOT cells:     2238
ABC RESULTS:               MUX cells:     2515
ABC RESULTS:              NAND cells:      132
ABC RESULTS:               NOR cells:      326
ABC RESULTS:               NOT cells:      211
ABC RESULTS:                OR cells:      994
ABC RESULTS:             ORNOT cells:      383
ABC RESULTS:              XNOR cells:      216
ABC RESULTS:               XOR cells:     1060
ABC RESULTS:        internal signals:     7921
ABC RESULTS:           input signals:     1186
ABC RESULTS:          output signals:      199
Removing temp directory.

15.23. Executing OPT pass (performing simple optimizations).

15.23.1. Executing OPT_EXPR pass (perform const folding).
Optimizing module core_single.
<suppressed ~960 debug messages>

15.23.2. Executing OPT_MERGE pass (detect identical cells).
Finding identical cells in module `\core_single'.
<suppressed ~3 debug messages>
Removed a total of 1 cells.

15.23.3. Executing OPT_DFF pass (perform DFF optimizations).

15.23.4. Executing OPT_CLEAN pass (remove unused cells and wires).
Finding unused cells or wires in module \core_single..
Removed 3 unused cells and 2641 unused wires.
<suppressed ~47 debug messages>

15.23.5. Finished fast OPT passes.

15.24. Executing HIERARCHY pass (managing design hierarchy).
Attribute `top' found on module `core_single'. Setting top module to core_single.

15.24.1. Analyzing design hierarchy..
Top module:  \core_single

15.24.2. Analyzing design hierarchy..
Top module:  \core_single
Removed 0 unused modules.

15.25. Printing statistics.

=== core_single ===

   Number of wires:               8112
   Number of wire bits:           9888
   Number of public wires:          78
   Number of public wire bits:    1854
   Number of ports:                 17
   Number of port bits:            298
   Number of memories:               0
   Number of memory bits:            0
   Number of processes:              0
   Number of cells:               9292
     $_ANDNOT_                    2238
     $_AND_                        128
     $_DFFE_PN0P_                   35
     $_DFFE_PP_                   1024
     $_DFF_PN0_                     30
     $_MUX_                       2515
     $_NAND_                       132
     $_NOR_                        326
     $_NOT_                        208
     $_ORNOT_                      383
     $_OR_                         993
     $_XNOR_                       216
     $_XOR_                       1060
     $scopeinfo                      4

15.26. Executing CHECK pass (checking for obvious problems).
Checking module core_single...
Found and reported 0 problems.

16. Executing LTP pass (find longest path).

Longest topological path in core_single (length=59):
    0: \imem_rdata [5]
    1: $abc$18477$new_n1450 (via $abc$18477$auto$blifparse.cc:396:parse_blif$18542)
    2: $abc$18477$new_n1451 (via $abc$18477$auto$blifparse.cc:396:parse_blif$18543)
    3: $abc$18477$new_n1460 (via $abc$18477$auto$blifparse.cc:396:parse_blif$18552)
    4: $abc$18477$new_n1462 (via $abc$18477$auto$blifparse.cc:396:parse_blif$18554)
    5: $abc$18477$new_n1463 (via $abc$18477$auto$blifparse.cc:396:parse_blif$18555)
    6: $abc$18477$new_n1648 (via $abc$18477$auto$blifparse.cc:396:parse_blif$18740)
    7: $abc$18477$new_n1657 (via $abc$18477$auto$blifparse.cc:396:parse_blif$18749)
    8: $abc$18477$new_n1662 (via $abc$18477$auto$blifparse.cc:396:parse_blif$18754)
    9: $abc$18477$new_n1663 (via $abc$18477$auto$blifparse.cc:396:parse_blif$18755)
   10: $abc$18477$new_n4105 (via $abc$18477$auto$blifparse.cc:396:parse_blif$21197)
   11: $abc$18477$new_n4107 (via $abc$18477$auto$blifparse.cc:396:parse_blif$21199)
   12: $abc$18477$new_n4108 (via $abc$18477$auto$blifparse.cc:396:parse_blif$21200)
   13: $abc$18477$new_n4110 (via $abc$18477$auto$blifparse.cc:396:parse_blif$21202)
   14: $abc$18477$new_n4111 (via $abc$18477$auto$blifparse.cc:396:parse_blif$21203)
   15: $abc$18477$new_n4112 (via $abc$18477$auto$blifparse.cc:396:parse_blif$21204)
   16: $abc$18477$new_n5882 (via $abc$18477$auto$blifparse.cc:396:parse_blif$22974)
   17: $abc$18477$new_n5883 (via $abc$18477$auto$blifparse.cc:396:parse_blif$22975)
   18: $abc$18477$new_n6039 (via $abc$18477$auto$blifparse.cc:396:parse_blif$23131)
   19: $abc$18477$new_n6040 (via $abc$18477$auto$blifparse.cc:396:parse_blif$23132)
   20: $abc$18477$new_n6041 (via $abc$18477$auto$blifparse.cc:396:parse_blif$23133)
   21: $abc$18477$new_n6196 (via $abc$18477$auto$blifparse.cc:396:parse_blif$23288)
   22: $abc$18477$new_n6197 (via $abc$18477$auto$blifparse.cc:396:parse_blif$23289)
   23: $abc$18477$new_n6198 (via $abc$18477$auto$blifparse.cc:396:parse_blif$23290)
   24: $abc$18477$new_n6380 (via $abc$18477$auto$blifparse.cc:396:parse_blif$23472)
   25: $abc$18477$new_n6381 (via $abc$18477$auto$blifparse.cc:396:parse_blif$23473)
   26: $abc$18477$new_n6382 (via $abc$18477$auto$blifparse.cc:396:parse_blif$23474)
   27: $abc$18477$new_n6564 (via $abc$18477$auto$blifparse.cc:396:parse_blif$23656)
   28: $abc$18477$new_n6565 (via $abc$18477$auto$blifparse.cc:396:parse_blif$23657)
   29: $abc$18477$new_n6566 (via $abc$18477$auto$blifparse.cc:396:parse_blif$23658)
   30: $abc$18477$new_n6783 (via $abc$18477$auto$blifparse.cc:396:parse_blif$23875)
   31: $abc$18477$new_n6784 (via $abc$18477$auto$blifparse.cc:396:parse_blif$23876)
   32: $abc$18477$new_n6785 (via $abc$18477$auto$blifparse.cc:396:parse_blif$23877)
   33: $abc$18477$new_n6962 (via $abc$18477$auto$blifparse.cc:396:parse_blif$24054)
   34: $abc$18477$new_n6963 (via $abc$18477$auto$blifparse.cc:396:parse_blif$24055)
   35: $abc$18477$new_n6964 (via $abc$18477$auto$blifparse.cc:396:parse_blif$24056)
   36: $abc$18477$new_n7156 (via $abc$18477$auto$blifparse.cc:396:parse_blif$24248)
   37: $abc$18477$new_n7157 (via $abc$18477$auto$blifparse.cc:396:parse_blif$24249)
   38: $abc$18477$new_n7158 (via $abc$18477$auto$blifparse.cc:396:parse_blif$24250)
   39: $abc$18477$new_n7160 (via $abc$18477$auto$blifparse.cc:396:parse_blif$24252)
   40: $abc$18477$new_n7347 (via $abc$18477$auto$blifparse.cc:396:parse_blif$24439)
   41: $abc$18477$new_n7350 (via $abc$18477$auto$blifparse.cc:396:parse_blif$24442)
   42: $abc$18477$new_n7353 (via $abc$18477$auto$blifparse.cc:396:parse_blif$24445)
   43: $abc$18477$new_n7354 (via $abc$18477$auto$blifparse.cc:396:parse_blif$24446)
   44: $abc$18477$new_n7355 (via $abc$18477$auto$blifparse.cc:396:parse_blif$24447)
   45: $abc$18477$new_n8176 (via $abc$18477$auto$blifparse.cc:396:parse_blif$25268)
   46: $abc$18477$new_n8177 (via $abc$18477$auto$blifparse.cc:396:parse_blif$25269)
   47: $abc$18477$new_n8614 (via $abc$18477$auto$blifparse.cc:396:parse_blif$25706)
   48: $abc$18477$new_n8615 (via $abc$18477$auto$blifparse.cc:396:parse_blif$25707)
   49: $abc$18477$new_n8839 (via $abc$18477$auto$blifparse.cc:396:parse_blif$25931)
   50: $abc$18477$new_n8840 (via $abc$18477$auto$blifparse.cc:396:parse_blif$25932)
   51: $abc$18477$new_n8841 (via $abc$18477$auto$blifparse.cc:396:parse_blif$25933)
   52: $abc$18477$new_n8842 (via $abc$18477$auto$blifparse.cc:396:parse_blif$25934)
   53: $abc$18477$new_n8844 (via $abc$18477$auto$blifparse.cc:396:parse_blif$25936)
   54: $abc$18477$new_n8848 (via $abc$18477$auto$blifparse.cc:396:parse_blif$25940)
   55: $abc$18477$new_n8854 (via $abc$18477$auto$blifparse.cc:396:parse_blif$25946)
   56: $abc$18477$new_n8869 (via $abc$18477$auto$blifparse.cc:396:parse_blif$25961)
   57: \dmem_addr [31] (via $abc$18477$auto$blifparse.cc:396:parse_blif$25962)
   58: $abc$18477$new_n8871 (via $abc$18477$auto$blifparse.cc:396:parse_blif$25963)
   59: \wb_data [31] (via $abc$18477$auto$blifparse.cc:396:parse_blif$25969)
   ff: \u_rf.regs[15] [31] (via $auto$ff.cc:266:slice$7789)

Warnings: 2 unique messages, 2 total
End of script. Logfile hash: 5cc20be85b, CPU: user 1.29s system 0.03s, MEM: 52.96 MB peak
Yosys 0.52 (git sha1 fee39a3284c90249e1d9684cf6944ffbbcbb8f90)
Time spent: 29% 1x abc (0 sec), 15% 30x opt_expr (0 sec), ...
