
 /----------------------------------------------------------------------------\
 |  yosys -- Yosys Open SYnthesis Suite                                       |
 |  Copyright (C) 2012 - 2025  Claire Xenia Wolf <claire@yosyshq.com>         |
 |  Distributed under an ISC-like license, type "license" to see terms        |
 \----------------------------------------------------------------------------/
 Yosys 0.52 (git sha1 fee39a3284c90249e1d9684cf6944ffbbcbb8f90)

-- Executing script file `/dev/stdin' --

1. Executing Verilog-2005 frontend: rtl/core/alu.sv
Parsing SystemVerilog input from `rtl/core/alu.sv' to AST representation.
Generating RTLIL representation for module `\alu'.
Successfully finished Verilog frontend.

2. Executing Verilog-2005 frontend: rtl/core/regfile.sv
Parsing SystemVerilog input from `rtl/core/regfile.sv' to AST representation.
Generating RTLIL representation for module `\regfile'.
Successfully finished Verilog frontend.

3. Executing Verilog-2005 frontend: rtl/core/imm_gen.sv
Parsing SystemVerilog input from `rtl/core/imm_gen.sv' to AST representation.
Generating RTLIL representation for module `\imm_gen'.
Successfully finished Verilog frontend.

4. Executing Verilog-2005 frontend: rtl/core/decoder.sv
Parsing SystemVerilog input from `rtl/core/decoder.sv' to AST representation.
Generating RTLIL representation for module `\decoder'.
Successfully finished Verilog frontend.

5. Executing Verilog-2005 frontend: rtl/mem/imem.sv
Parsing SystemVerilog input from `rtl/mem/imem.sv' to AST representation.
Generating RTLIL representation for module `\imem'.
Successfully finished Verilog frontend.

6. Executing Verilog-2005 frontend: rtl/mem/dmem.sv
Parsing SystemVerilog input from `rtl/mem/dmem.sv' to AST representation.
Generating RTLIL representation for module `\dmem'.
Successfully finished Verilog frontend.

7. Executing Verilog-2005 frontend: rtl/periph/uart_tx.sv
Parsing SystemVerilog input from `rtl/periph/uart_tx.sv' to AST representation.
Generating RTLIL representation for module `\uart_tx'.
Successfully finished Verilog frontend.

8. Executing Verilog-2005 frontend: rtl/periph/uart_rx.sv
Parsing SystemVerilog input from `rtl/periph/uart_rx.sv' to AST representation.
Generating RTLIL representation for module `\uart_rx'.
Successfully finished Verilog frontend.

9. Executing Verilog-2005 frontend: rtl/periph/uart.sv
Parsing SystemVerilog input from `rtl/periph/uart.sv' to AST representation.
Generating RTLIL representation for module `\uart'.
Successfully finished Verilog frontend.

10. Executing Verilog-2005 frontend: rtl/periph/timer.sv
Parsing SystemVerilog input from `rtl/periph/timer.sv' to AST representation.
Generating RTLIL representation for module `\timer'.
Successfully finished Verilog frontend.

11. Executing Verilog-2005 frontend: rtl/custom/dotp.sv
Parsing SystemVerilog input from `rtl/custom/dotp.sv' to AST representation.
Generating RTLIL representation for module `\dotp'.
Warning: Replacing memory \b with list of registers. See rtl/custom/dotp.sv:63
Warning: Replacing memory \a with list of registers. See rtl/custom/dotp.sv:62
Successfully finished Verilog frontend.

12. Executing HIERARCHY pass (managing design hierarchy).

12.1. Analyzing design hierarchy..
Top module:  \dotp

12.2. Analyzing design hierarchy..
Top module:  \dotp
Removing unused module `\timer'.
Removing unused module `\uart'.
Removing unused module `\uart_rx'.
Removing unused module `\uart_tx'.
Removing unused module `\dmem'.
Removing unused module `\imem'.
Removing unused module `\decoder'.
Removing unused module `\imm_gen'.
Removing unused module `\regfile'.
Removing unused module `\alu'.
Removed 10 unused modules.

13. Executing FLATTEN pass (flatten design).

14. Executing SYNTH pass.

14.1. Executing HIERARCHY pass (managing design hierarchy).

14.1.1. Analyzing design hierarchy..
Top module:  \dotp

14.1.2. Analyzing design hierarchy..
Top module:  \dotp
Removed 0 unused modules.

14.2. Executing PROC pass (convert processes to netlists).

14.2.1. Executing PROC_CLEAN pass (remove empty switches from decision trees).
Cleaned up 0 empty switches.

14.2.2. Executing PROC_RMDEAD pass (remove dead branches from decision trees).
Marked 1 switch rules as full_case in process $proc$rtl/custom/dotp.sv:0$161 in module dotp.
Marked 1 switch rules as full_case in process $proc$rtl/custom/dotp.sv:60$158 in module dotp.
Removed a total of 0 dead cases.

14.2.3. Executing PROC_PRUNE pass (remove redundant assignments in processes).
Removed 0 redundant assignments.
Promoted 1 assignment to connection.

14.2.4. Executing PROC_INIT pass (extract init attributes).

14.2.5. Executing PROC_ARST pass (detect async resets in processes).
Found async reset \rst_n in `\dotp.$proc$rtl/custom/dotp.sv:60$158'.

14.2.6. Executing PROC_ROM pass (convert switches to ROMs).
Converted 0 switches.
<suppressed ~4 debug messages>

14.2.7. Executing PROC_MUX pass (convert decision trees to multiplexers).
Creating decoders for process `\dotp.$proc$rtl/custom/dotp.sv:0$161'.
     1/1: $1\rdata[31:0]
Creating decoders for process `\dotp.$proc$rtl/custom/dotp.sv:60$158'.
     1/9: $0\b[3][31:0]
     2/9: $0\b[2][31:0]
     3/9: $0\b[1][31:0]
     4/9: $0\b[0][31:0]
     5/9: $0\a[3][31:0]
     6/9: $0\a[2][31:0]
     7/9: $0\a[1][31:0]
     8/9: $0\a[0][31:0]
     9/9: $0\result[31:0]

14.2.8. Executing PROC_DLATCH pass (convert process syncs to latches).
No latch inferred for signal `\dotp.\rdata' from process `\dotp.$proc$rtl/custom/dotp.sv:0$161'.

14.2.9. Executing PROC_DFF pass (convert process syncs to FFs).
Creating register for signal `\dotp.\result' using process `\dotp.$proc$rtl/custom/dotp.sv:60$158'.
  created $adff cell `$procdff$251' with positive edge clock and positive level reset.
Creating register for signal `\dotp.\a[0]' using process `\dotp.$proc$rtl/custom/dotp.sv:60$158'.
  created $adff cell `$procdff$256' with positive edge clock and positive level reset.
Creating register for signal `\dotp.\a[1]' using process `\dotp.$proc$rtl/custom/dotp.sv:60$158'.
  created $adff cell `$procdff$261' with positive edge clock and positive level reset.
Creating register for signal `\dotp.\a[2]' using process `\dotp.$proc$rtl/custom/dotp.sv:60$158'.
  created $adff cell `$procdff$266' with positive edge clock and positive level reset.
Creating register for signal `\dotp.\a[3]' using process `\dotp.$proc$rtl/custom/dotp.sv:60$158'.
  created $adff cell `$procdff$271' with positive edge clock and positive level reset.
Creating register for signal `\dotp.\b[0]' using process `\dotp.$proc$rtl/custom/dotp.sv:60$158'.
  created $adff cell `$procdff$276' with positive edge clock and positive level reset.
Creating register for signal `\dotp.\b[1]' using process `\dotp.$proc$rtl/custom/dotp.sv:60$158'.
  created $adff cell `$procdff$281' with positive edge clock and positive level reset.
Creating register for signal `\dotp.\b[2]' using process `\dotp.$proc$rtl/custom/dotp.sv:60$158'.
  created $adff cell `$procdff$286' with positive edge clock and positive level reset.
Creating register for signal `\dotp.\b[3]' using process `\dotp.$proc$rtl/custom/dotp.sv:60$158'.
  created $adff cell `$procdff$291' with positive edge clock and positive level reset.

14.2.10. Executing PROC_MEMWR pass (convert process memory writes to cells).

14.2.11. Executing PROC_CLEAN pass (remove empty switches from decision trees).
Found and cleaned up 1 empty switch in `\dotp.$proc$rtl/custom/dotp.sv:0$161'.
Removing empty process `dotp.$proc$rtl/custom/dotp.sv:0$161'.
Found and cleaned up 3 empty switches in `\dotp.$proc$rtl/custom/dotp.sv:60$158'.
Removing empty process `dotp.$proc$rtl/custom/dotp.sv:60$158'.
Cleaned up 4 empty switches.

14.2.12. Executing OPT_EXPR pass (perform const folding).
Optimizing module dotp.
<suppressed ~21 debug messages>

14.3. Executing OPT_EXPR pass (perform const folding).
Optimizing module dotp.

14.4. Executing OPT_CLEAN pass (remove unused cells and wires).
Finding unused cells or wires in module \dotp..
Removed 10 unused cells and 54 unused wires.
<suppressed ~11 debug messages>

14.5. Executing CHECK pass (checking for obvious problems).
Checking module dotp...
Found and reported 0 problems.

14.6. Executing OPT pass (performing simple optimizations).

14.6.1. Executing OPT_EXPR pass (perform const folding).
Optimizing module dotp.

14.6.2. Executing OPT_MERGE pass (detect identical cells).
Finding identical cells in module `\dotp'.
<suppressed ~72 debug messages>
Removed a total of 24 cells.

14.6.3. Executing OPT_MUXTREE pass (detect dead branches in mux trees).
Running muxtree optimizer on module \dotp..
  Creating internal representation of mux trees.
  Evaluating internal representation of mux trees.
  Analyzing evaluation results.
Removed 0 multiplexer ports.
<suppressed ~19 debug messages>

14.6.4. Executing OPT_REDUCE pass (consolidate $*mux and $reduce_* inputs).
  Optimizing cells in module \dotp.
Performed a total of 0 changes.

14.6.5. Executing OPT_MERGE pass (detect identical cells).
Finding identical cells in module `\dotp'.
Removed a total of 0 cells.

14.6.6. Executing OPT_DFF pass (perform DFF optimizations).

14.6.7. Executing OPT_CLEAN pass (remove unused cells and wires).
Finding unused cells or wires in module \dotp..
Removed 0 unused cells and 24 unused wires.
<suppressed ~1 debug messages>

14.6.8. Executing OPT_EXPR pass (perform const folding).
Optimizing module dotp.

14.6.9. Rerunning OPT passes. (Maybe there is more to do..)

14.6.10. Executing OPT_MUXTREE pass (detect dead branches in mux trees).
Running muxtree optimizer on module \dotp..
  Creating internal representation of mux trees.
  Evaluating internal representation of mux trees.
  Analyzing evaluation results.
Removed 0 multiplexer ports.
<suppressed ~19 debug messages>

14.6.11. Executing OPT_REDUCE pass (consolidate $*mux and $reduce_* inputs).
  Optimizing cells in module \dotp.
Performed a total of 0 changes.

14.6.12. Executing OPT_MERGE pass (detect identical cells).
Finding identical cells in module `\dotp'.
Removed a total of 0 cells.

14.6.13. Executing OPT_DFF pass (perform DFF optimizations).

14.6.14. Executing OPT_CLEAN pass (remove unused cells and wires).
Finding unused cells or wires in module \dotp..

14.6.15. Executing OPT_EXPR pass (perform const folding).
Optimizing module dotp.

14.6.16. Finished OPT passes. (There is nothing left to do.)

14.7. Executing FSM pass (extract and optimize FSM).

14.7.1. Executing FSM_DETECT pass (finding FSMs in design).

14.7.2. Executing FSM_EXTRACT pass (extracting FSM from design).

14.7.3. Executing FSM_OPT pass (simple optimizations of FSMs).

14.7.4. Executing OPT_CLEAN pass (remove unused cells and wires).
Finding unused cells or wires in module \dotp..

14.7.5. Executing FSM_OPT pass (simple optimizations of FSMs).

14.7.6. Executing FSM_RECODE pass (re-assigning FSM state encoding).

14.7.7. Executing FSM_INFO pass (dumping all available information on FSM cells).

14.7.8. Executing FSM_MAP pass (mapping FSMs to basic logic).

14.8. Executing OPT pass (performing simple optimizations).

14.8.1. Executing OPT_EXPR pass (perform const folding).
Optimizing module dotp.

14.8.2. Executing OPT_MERGE pass (detect identical cells).
Finding identical cells in module `\dotp'.
Removed a total of 0 cells.

14.8.3. Executing OPT_MUXTREE pass (detect dead branches in mux trees).
Running muxtree optimizer on module \dotp..
  Creating internal representation of mux trees.
  Evaluating internal representation of mux trees.
  Analyzing evaluation results.
Removed 0 multiplexer ports.
<suppressed ~19 debug messages>

14.8.4. Executing OPT_REDUCE pass (consolidate $*mux and $reduce_* inputs).
  Optimizing cells in module \dotp.
Performed a total of 0 changes.

14.8.5. Executing OPT_MERGE pass (detect identical cells).
Finding identical cells in module `\dotp'.
Removed a total of 0 cells.

14.8.6. Executing OPT_DFF pass (perform DFF optimizations).
Adding EN signal on $procdff$291 ($adff) from module dotp (D = \wdata, Q = \b[3]).
Adding EN signal on $procdff$286 ($adff) from module dotp (D = \wdata, Q = \b[2]).
Adding EN signal on $procdff$281 ($adff) from module dotp (D = \wdata, Q = \b[1]).
Adding EN signal on $procdff$276 ($adff) from module dotp (D = \wdata, Q = \b[0]).
Adding EN signal on $procdff$271 ($adff) from module dotp (D = \wdata, Q = \a[3]).
Adding EN signal on $procdff$266 ($adff) from module dotp (D = \wdata, Q = \a[2]).
Adding EN signal on $procdff$261 ($adff) from module dotp (D = \wdata, Q = \a[1]).
Adding EN signal on $procdff$256 ($adff) from module dotp (D = \wdata, Q = \a[0]).

14.8.7. Executing OPT_CLEAN pass (remove unused cells and wires).
Finding unused cells or wires in module \dotp..
Removed 16 unused cells and 16 unused wires.
<suppressed ~17 debug messages>

14.8.8. Executing OPT_EXPR pass (perform const folding).
Optimizing module dotp.

14.8.9. Rerunning OPT passes. (Maybe there is more to do..)

14.8.10. Executing OPT_MUXTREE pass (detect dead branches in mux trees).
Running muxtree optimizer on module \dotp..
  Creating internal representation of mux trees.
  Evaluating internal representation of mux trees.
  Analyzing evaluation results.
Removed 0 multiplexer ports.
<suppressed ~11 debug messages>

14.8.11. Executing OPT_REDUCE pass (consolidate $*mux and $reduce_* inputs).
  Optimizing cells in module \dotp.
Performed a total of 0 changes.

14.8.12. Executing OPT_MERGE pass (detect identical cells).
Finding identical cells in module `\dotp'.
Removed a total of 0 cells.

14.8.13. Executing OPT_DFF pass (perform DFF optimizations).

14.8.14. Executing OPT_CLEAN pass (remove unused cells and wires).
Finding unused cells or wires in module \dotp..

14.8.15. Executing OPT_EXPR pass (perform const folding).
Optimizing module dotp.

14.8.16. Finished OPT passes. (There is nothing left to do.)

14.9. Executing WREDUCE pass (reducing word size of cells).
Removed top 2 bits (of 6) from port B of cell dotp.$procmux$164_CMP0 ($eq).
Removed top 2 bits (of 6) from port B of cell dotp.$procmux$244_CMP0 ($eq).
Removed top 5 bits (of 6) from port B of cell dotp.$eq$rtl/custom/dotp.sv:43$124 ($eq).
Removed top 4 bits (of 6) from port B of cell dotp.$eq$rtl/custom/dotp.sv:44$128 ($eq).
Removed top 4 bits (of 6) from port B of cell dotp.$eq$rtl/custom/dotp.sv:45$132 ($eq).
Removed top 3 bits (of 6) from port B of cell dotp.$eq$rtl/custom/dotp.sv:46$136 ($eq).
Removed top 3 bits (of 6) from port B of cell dotp.$eq$rtl/custom/dotp.sv:47$140 ($eq).
Removed top 3 bits (of 6) from port B of cell dotp.$eq$rtl/custom/dotp.sv:48$144 ($eq).
Removed top 3 bits (of 6) from port B of cell dotp.$eq$rtl/custom/dotp.sv:49$148 ($eq).

14.10. Executing PEEPOPT pass (run peephole optimizers).

14.11. Executing OPT_CLEAN pass (remove unused cells and wires).
Finding unused cells or wires in module \dotp..

14.12. Executing ALUMACC pass (create $alu and $macc cells).
Extracting $alu and $macc cells in module dotp:
  creating $macc model for $add$rtl/custom/dotp.sv:56$155 ($add).
  creating $macc model for $add$rtl/custom/dotp.sv:56$156 ($add).
  creating $macc model for $add$rtl/custom/dotp.sv:56$157 ($add).
  creating $macc model for $mul$rtl/custom/dotp.sv:52$151 ($mul).
  creating $macc model for $mul$rtl/custom/dotp.sv:53$152 ($mul).
  creating $macc model for $mul$rtl/custom/dotp.sv:54$153 ($mul).
  creating $macc model for $mul$rtl/custom/dotp.sv:55$154 ($mul).
  merging $macc model for $add$rtl/custom/dotp.sv:56$155 into $add$rtl/custom/dotp.sv:56$157.
  merging $macc model for $mul$rtl/custom/dotp.sv:52$151 into $add$rtl/custom/dotp.sv:56$157.
  merging $macc model for $add$rtl/custom/dotp.sv:56$156 into $add$rtl/custom/dotp.sv:56$157.
  merging $macc model for $mul$rtl/custom/dotp.sv:54$153 into $add$rtl/custom/dotp.sv:56$157.
  merging $macc model for $mul$rtl/custom/dotp.sv:53$152 into $add$rtl/custom/dotp.sv:56$157.
  merging $macc model for $mul$rtl/custom/dotp.sv:55$154 into $add$rtl/custom/dotp.sv:56$157.
  creating $macc cell for $add$rtl/custom/dotp.sv:56$157: $auto$alumacc.cc:365:replace_macc$316
  created 0 $alu and 1 $macc cells.

14.13. Executing SHARE pass (SAT-based resource sharing).
Found 4 cells in module dotp that may be considered for resource sharing.
  Analyzing resource sharing options for $mul$rtl/custom/dotp.sv:55$154 ($mul):
    Found cell that is never activated: $add$rtl/custom/dotp.sv:56$156
    Found cell that is never activated: $mul$rtl/custom/dotp.sv:55$154
    Cell is never active. Sharing is pointless, we simply remove it.
  Analyzing resource sharing options for $mul$rtl/custom/dotp.sv:54$153 ($mul):
    Found cell that is never activated: $mul$rtl/custom/dotp.sv:54$153
    Cell is never active. Sharing is pointless, we simply remove it.
  Analyzing resource sharing options for $mul$rtl/custom/dotp.sv:53$152 ($mul):
    Found cell that is never activated: $add$rtl/custom/dotp.sv:56$155
    Found cell that is never activated: $mul$rtl/custom/dotp.sv:53$152
    Cell is never active. Sharing is pointless, we simply remove it.
  Analyzing resource sharing options for $mul$rtl/custom/dotp.sv:52$151 ($mul):
    Found cell that is never activated: $mul$rtl/custom/dotp.sv:52$151
    Cell is never active. Sharing is pointless, we simply remove it.
Removing 6 cells in module dotp:
  Removing cell $mul$rtl/custom/dotp.sv:52$151 ($mul).
  Removing cell $mul$rtl/custom/dotp.sv:53$152 ($mul).
  Removing cell $add$rtl/custom/dotp.sv:56$155 ($add).
  Removing cell $mul$rtl/custom/dotp.sv:54$153 ($mul).
  Removing cell $mul$rtl/custom/dotp.sv:55$154 ($mul).
  Removing cell $add$rtl/custom/dotp.sv:56$156 ($add).

14.14. Executing OPT pass (performing simple optimizations).

14.14.1. Executing OPT_EXPR pass (perform const folding).
Optimizing module dotp.

14.14.2. Executing OPT_MERGE pass (detect identical cells).
Finding identical cells in module `\dotp'.
Removed a total of 0 cells.

14.14.3. Executing OPT_MUXTREE pass (detect dead branches in mux trees).
Running muxtree optimizer on module \dotp..
  Creating internal representation of mux trees.
  Evaluating internal representation of mux trees.
  Analyzing evaluation results.
Removed 0 multiplexer ports.
<suppressed ~11 debug messages>

14.14.4. Executing OPT_REDUCE pass (consolidate $*mux and $reduce_* inputs).
  Optimizing cells in module \dotp.
Performed a total of 0 changes.

14.14.5. Executing OPT_MERGE pass (detect identical cells).
Finding identical cells in module `\dotp'.
Removed a total of 0 cells.

14.14.6. Executing OPT_DFF pass (perform DFF optimizations).

14.14.7. Executing OPT_CLEAN pass (remove unused cells and wires).
Finding unused cells or wires in module \dotp..
Removed 0 unused cells and 2 unused wires.
<suppressed ~1 debug messages>

14.14.8. Executing OPT_EXPR pass (perform const folding).
Optimizing module dotp.

14.14.9. Rerunning OPT passes. (Maybe there is more to do..)

14.14.10. Executing OPT_MUXTREE pass (detect dead branches in mux trees).
Running muxtree optimizer on module \dotp..
  Creating internal representation of mux trees.
  Evaluating internal representation of mux trees.
  Analyzing evaluation results.
Removed 0 multiplexer ports.
<suppressed ~11 debug messages>

14.14.11. Executing OPT_REDUCE pass (consolidate $*mux and $reduce_* inputs).
  Optimizing cells in module \dotp.
Performed a total of 0 changes.

14.14.12. Executing OPT_MERGE pass (detect identical cells).
Finding identical cells in module `\dotp'.
Removed a total of 0 cells.

14.14.13. Executing OPT_DFF pass (perform DFF optimizations).

14.14.14. Executing OPT_CLEAN pass (remove unused cells and wires).
Finding unused cells or wires in module \dotp..

14.14.15. Executing OPT_EXPR pass (perform const folding).
Optimizing module dotp.

14.14.16. Finished OPT passes. (There is nothing left to do.)

14.15. Executing MEMORY pass.

14.15.1. Executing OPT_MEM pass (optimize memories).
Performed a total of 0 transformations.

14.15.2. Executing OPT_MEM_PRIORITY pass (removing unnecessary memory write priority relations).
Performed a total of 0 transformations.

14.15.3. Executing OPT_MEM_FEEDBACK pass (finding memory read-to-write feedback paths).

14.15.4. Executing MEMORY_BMUX2ROM pass (converting muxes to ROMs).

14.15.5. Executing MEMORY_DFF pass (merging $dff cells to $memrd).

14.15.6. Executing OPT_CLEAN pass (remove unused cells and wires).
Finding unused cells or wires in module \dotp..

14.15.7. Executing MEMORY_SHARE pass (consolidating $memrd/$memwr cells).

14.15.8. Executing OPT_MEM_WIDEN pass (optimize memories where all ports are wide).
Performed a total of 0 transformations.

14.15.9. Executing OPT_CLEAN pass (remove unused cells and wires).
Finding unused cells or wires in module \dotp..

14.15.10. Executing MEMORY_COLLECT pass (generating $mem cells).

14.16. Executing OPT_CLEAN pass (remove unused cells and wires).
Finding unused cells or wires in module \dotp..

14.17. Executing OPT pass (performing simple optimizations).

14.17.1. Executing OPT_EXPR pass (perform const folding).
Optimizing module dotp.

14.17.2. Executing OPT_MERGE pass (detect identical cells).
Finding identical cells in module `\dotp'.
Removed a total of 0 cells.

14.17.3. Executing OPT_DFF pass (perform DFF optimizations).

14.17.4. Executing OPT_CLEAN pass (remove unused cells and wires).
Finding unused cells or wires in module \dotp..

14.17.5. Finished fast OPT passes.

14.18. Executing MEMORY_MAP pass (converting memories to logic and flip-flops).

14.19. Executing OPT pass (performing simple optimizations).

14.19.1. Executing OPT_EXPR pass (perform const folding).
Optimizing module dotp.

14.19.2. Executing OPT_MERGE pass (detect identical cells).
Finding identical cells in module `\dotp'.
Removed a total of 0 cells.

14.19.3. Executing OPT_MUXTREE pass (detect dead branches in mux trees).
Running muxtree optimizer on module \dotp..
  Creating internal representation of mux trees.
  Evaluating internal representation of mux trees.
  Analyzing evaluation results.
Removed 0 multiplexer ports.
<suppressed ~11 debug messages>

14.19.4. Executing OPT_REDUCE pass (consolidate $*mux and $reduce_* inputs).
  Optimizing cells in module \dotp.
Performed a total of 0 changes.

14.19.5. Executing OPT_MERGE pass (detect identical cells).
Finding identical cells in module `\dotp'.
Removed a total of 0 cells.

14.19.6. Executing OPT_SHARE pass.

14.19.7. Executing OPT_DFF pass (perform DFF optimizations).

14.19.8. Executing OPT_CLEAN pass (remove unused cells and wires).
Finding unused cells or wires in module \dotp..

14.19.9. Executing OPT_EXPR pass (perform const folding).
Optimizing module dotp.

14.19.10. Finished OPT passes. (There is nothing left to do.)

14.20. Executing TECHMAP pass (map to technology primitives).

14.20.1. Executing Verilog-2005 frontend: /usr/bin/../share/yosys/techmap.v
Parsing Verilog input from `/usr/bin/../share/yosys/techmap.v' to AST representation.
Generating RTLIL representation for module `\_90_simplemap_bool_ops'.
Generating RTLIL representation for module `\_90_simplemap_reduce_ops'.
Generating RTLIL representation for module `\_90_simplemap_logic_ops'.
Generating RTLIL representation for module `\_90_simplemap_compare_ops'.
Generating RTLIL representation for module `\_90_simplemap_various'.
Generating RTLIL representation for module `\_90_simplemap_registers'.
Generating RTLIL representation for module `\_90_shift_ops_shr_shl_sshl_sshr'.
Generating RTLIL representation for module `\_90_shift_shiftx'.
Generating RTLIL representation for module `\_90_fa'.
Generating RTLIL representation for module `\_90_lcu_brent_kung'.
Generating RTLIL representation for module `\_90_alu'.
Generating RTLIL representation for module `\_90_macc'.
Generating RTLIL representation for module `\_90_alumacc'.
Generating RTLIL representation for module `\$__div_mod_u'.
Generating RTLIL representation for module `\$__div_mod_trunc'.
Generating RTLIL representation for module `\_90_div'.
Generating RTLIL representation for module `\_90_mod'.
Generating RTLIL representation for module `\$__div_mod_floor'.
Generating RTLIL representation for module `\_90_divfloor'.
Generating RTLIL representation for module `\_90_modfloor'.
Generating RTLIL representation for module `\_90_pow'.
Generating RTLIL representation for module `\_90_pmux'.
Generating RTLIL representation for module `\_90_demux'.
Generating RTLIL representation for module `\_90_lut'.
Successfully finished Verilog frontend.

14.20.2. Continuing TECHMAP pass.
Using extmapper simplemap for cells of type $reduce_and.
Using template $paramod$80834bdd89ff0e27a02312429a7cc3a2e63489a8\_90_pmux for cells of type $pmux.
Using extmapper simplemap for cells of type $eq.
Using extmapper simplemap for cells of type $adff.
Using extmapper simplemap for cells of type $mux.
Using extmapper simplemap for cells of type $adffe.
Using extmapper simplemap for cells of type $logic_and.
Using extmapper simplemap for cells of type $logic_not.
Using extmapper maccmap for cells of type $macc_v2.
  add \aeff0 * \beff0 (32x32 bits, unsigned)
  add \aeff2 * \beff2 (32x32 bits, unsigned)
  add \aeff1 * \beff1 (32x32 bits, unsigned)
  add \aeff3 * \beff3 (32x32 bits, unsigned)
Using extmapper simplemap for cells of type $and.
Using extmapper simplemap for cells of type $reduce_or.
Using template $paramod\_90_fa\WIDTH=32'00000000000000000000000000100000 for cells of type $fa.
Using template $paramod$fbc7873bff55778c0b3173955b7e4bce1d9d6834\_90_alu for cells of type $alu.
Using extmapper simplemap for cells of type $or.
Using extmapper simplemap for cells of type $xor.
Using template $paramod\_90_lcu_brent_kung\WIDTH=32'00000000000000000000000000100000 for cells of type $lcu.
Using extmapper simplemap for cells of type $pos.
Using extmapper simplemap for cells of type $not.
No more expansions possible.
<suppressed ~1382 debug messages>

14.21. Executing OPT pass (performing simple optimizations).

14.21.1. Executing OPT_EXPR pass (perform const folding).
Optimizing module dotp.
<suppressed ~11799 debug messages>

14.21.2. Executing OPT_MERGE pass (detect identical cells).
Finding identical cells in module `\dotp'.
<suppressed ~123 debug messages>
Removed a total of 41 cells.

14.21.3. Executing OPT_DFF pass (perform DFF optimizations).

14.21.4. Executing OPT_CLEAN pass (remove unused cells and wires).
Finding unused cells or wires in module \dotp..
Removed 424 unused cells and 1487 unused wires.
<suppressed ~425 debug messages>

14.21.5. Finished fast OPT passes.

14.22. Executing ABC pass (technology mapping using ABC).

14.22.1. Extracting gate netlist of module `\dotp' to `<abc-temp-dir>/input.blif'..
Extracted 13409 gates and 13739 wires to a netlist network with 329 inputs and 104 outputs.

14.22.1.1. Executing ABC.
Running ABC command: "<yosys-exe-dir>/yosys-abc" -s -f <abc-temp-dir>/abc.script 2>&1
ABC: ABC command line: "source <abc-temp-dir>/abc.script".
ABC: 
ABC: + read_blif <abc-temp-dir>/input.blif 
ABC: + read_library <abc-temp-dir>/stdcells.genlib 
ABC: + strash 
ABC: + dretime 
ABC: + map 
ABC: + write_blif <abc-temp-dir>/output.blif 

14.22.1.2. Re-integrating ABC results.
ABC RESULTS:               AND cells:      114
ABC RESULTS:            ANDNOT cells:     4153
ABC RESULTS:               MUX cells:      352
ABC RESULTS:              NAND cells:      549
ABC RESULTS:               NOR cells:     2346
ABC RESULTS:               NOT cells:      431
ABC RESULTS:                OR cells:     1334
ABC RESULTS:             ORNOT cells:      210
ABC RESULTS:              XNOR cells:     1289
ABC RESULTS:               XOR cells:     3049
ABC RESULTS:        internal signals:    13306
ABC RESULTS:           input signals:      329
ABC RESULTS:          output signals:      104
Removing temp directory.

14.23. Executing OPT pass (performing simple optimizations).

14.23.1. Executing OPT_EXPR pass (perform const folding).
Optimizing module dotp.
<suppressed ~32 debug messages>

14.23.2. Executing OPT_MERGE pass (detect identical cells).
Finding identical cells in module `\dotp'.
Removed a total of 0 cells.

14.23.3. Executing OPT_DFF pass (perform DFF optimizations).

14.23.4. Executing OPT_CLEAN pass (remove unused cells and wires).
Finding unused cells or wires in module \dotp..
Removed 1 unused cells and 1416 unused wires.
<suppressed ~10 debug messages>

14.23.5. Finished fast OPT passes.

14.24. Executing HIERARCHY pass (managing design hierarchy).
Attribute `top' found on module `dotp'. Setting top module to dotp.

14.24.1. Analyzing design hierarchy..
Top module:  \dotp

14.24.2. Analyzing design hierarchy..
Top module:  \dotp
Removed 0 unused modules.

14.25. Printing statistics.

=== dotp ===

   Number of wires:              13754
   Number of wire bits:          14317
   Number of public wires:          23
   Number of public wire bits:     555
   Number of ports:                  9
   Number of port bits:            107
   Number of memories:               0
   Number of memory bits:            0
   Number of processes:              0
   Number of cells:              14114
     $_ANDNOT_                    4153
     $_AND_                        114
     $_DFFE_PN0P_                  256
     $_DFF_PN0_                     32
     $_MUX_                        352
     $_NAND_                       549
     $_NOR_                       2346
     $_NOT_                        430
     $_ORNOT_                      210
     $_OR_                        1334
     $_XNOR_                      1289
     $_XOR_                       3049

14.26. Executing CHECK pass (checking for obvious problems).
Checking module dotp...
Found and reported 0 problems.

15. Executing LTP pass (find longest path).

Longest topological path in dotp (length=57):
    0: \addr [3]
    1: $abc$27418$new_n450 (via $abc$27418$auto$blifparse.cc:396:parse_blif$27435)
    2: $abc$27418$new_n451 (via $abc$27418$auto$blifparse.cc:396:parse_blif$27436)
    3: $abc$27418$new_n452 (via $abc$27418$auto$blifparse.cc:396:parse_blif$27437)
    4: $abc$27418$auto$opt_dff.cc:219:make_patterns_logic$314 (via $abc$27418$auto$blifparse.cc:396:parse_blif$27438)
    5: $abc$27418$new_n1549 (via $abc$27418$auto$blifparse.cc:396:parse_blif$28534)
    6: $abc$27418$new_n1550 (via $abc$27418$auto$blifparse.cc:396:parse_blif$28535)
    7: $abc$27418$new_n1552 (via $abc$27418$auto$blifparse.cc:396:parse_blif$28537)
    8: $abc$27418$new_n1742 (via $abc$27418$auto$blifparse.cc:396:parse_blif$28727)
    9: $abc$27418$new_n1743 (via $abc$27418$auto$blifparse.cc:396:parse_blif$28728)
   10: $abc$27418$new_n1744 (via $abc$27418$auto$blifparse.cc:396:parse_blif$28729)
   11: $abc$27418$new_n1963 (via $abc$27418$auto$blifparse.cc:396:parse_blif$28948)
   12: $abc$27418$new_n1964 (via $abc$27418$auto$blifparse.cc:396:parse_blif$28949)
   13: $abc$27418$new_n1965 (via $abc$27418$auto$blifparse.cc:396:parse_blif$28950)
   14: $abc$27418$new_n2232 (via $abc$27418$auto$blifparse.cc:396:parse_blif$29217)
   15: $abc$27418$new_n2233 (via $abc$27418$auto$blifparse.cc:396:parse_blif$29218)
   16: $abc$27418$new_n2234 (via $abc$27418$auto$blifparse.cc:396:parse_blif$29219)
   17: $abc$27418$new_n2511 (via $abc$27418$auto$blifparse.cc:396:parse_blif$29496)
   18: $abc$27418$new_n2512 (via $abc$27418$auto$blifparse.cc:396:parse_blif$29497)
   19: $abc$27418$new_n2513 (via $abc$27418$auto$blifparse.cc:396:parse_blif$29498)
   20: $abc$27418$new_n2815 (via $abc$27418$auto$blifparse.cc:396:parse_blif$29800)
   21: $abc$27418$new_n2816 (via $abc$27418$auto$blifparse.cc:396:parse_blif$29801)
   22: $abc$27418$new_n2817 (via $abc$27418$auto$blifparse.cc:396:parse_blif$29802)
   23: $abc$27418$new_n3155 (via $abc$27418$auto$blifparse.cc:396:parse_blif$30140)
   24: $abc$27418$new_n3156 (via $abc$27418$auto$blifparse.cc:396:parse_blif$30141)
   25: $abc$27418$new_n3157 (via $abc$27418$auto$blifparse.cc:396:parse_blif$30142)
   26: $abc$27418$new_n3570 (via $abc$27418$auto$blifparse.cc:396:parse_blif$30555)
   27: $abc$27418$new_n3571 (via $abc$27418$auto$blifparse.cc:396:parse_blif$30556)
   28: $abc$27418$new_n3572 (via $abc$27418$auto$blifparse.cc:396:parse_blif$30557)
   29: $abc$27418$new_n4026 (via $abc$27418$auto$blifparse.cc:396:parse_blif$31011)
   30: $abc$27418$new_n4027 (via $abc$27418$auto$blifparse.cc:396:parse_blif$31012)
   31: $abc$27418$new_n4028 (via $abc$27418$auto$blifparse.cc:396:parse_blif$31013)
   32: $abc$27418$new_n4535 (via $abc$27418$auto$blifparse.cc:396:parse_blif$31520)
   33: $abc$27418$new_n4536 (via $abc$27418$auto$blifparse.cc:396:parse_blif$31521)
   34: $abc$27418$new_n4537 (via $abc$27418$auto$blifparse.cc:396:parse_blif$31522)
   35: $abc$27418$new_n4977 (via $abc$27418$auto$blifparse.cc:396:parse_blif$31962)
   36: $abc$27418$new_n4978 (via $abc$27418$auto$blifparse.cc:396:parse_blif$31963)
   37: $abc$27418$new_n4979 (via $abc$27418$auto$blifparse.cc:396:parse_blif$31964)
   38: $abc$27418$new_n5446 (via $abc$27418$auto$blifparse.cc:396:parse_blif$32431)
   39: $abc$27418$new_n5447 (via $abc$27418$auto$blifparse.cc:396:parse_blif$32432)
   40: $abc$27418$new_n5448 (via $abc$27418$auto$blifparse.cc:396:parse_blif$32433)
   41: $abc$27418$new_n5929 (via $abc$27418$auto$blifparse.cc:396:parse_blif$32914)
   42: $abc$27418$new_n5930 (via $abc$27418$auto$blifparse.cc:396:parse_blif$32915)
   43: $abc$27418$new_n6955 (via $abc$27418$auto$blifparse.cc:396:parse_blif$33940)
   44: $abc$27418$new_n6956 (via $abc$27418$auto$blifparse.cc:396:parse_blif$33941)
   45: $abc$27418$new_n9303 (via $abc$27418$auto$blifparse.cc:396:parse_blif$36288)
   46: $abc$27418$new_n9304 (via $abc$27418$auto$blifparse.cc:396:parse_blif$36289)
   47: $abc$27418$new_n9307 (via $abc$27418$auto$blifparse.cc:396:parse_blif$36292)
   48: $abc$27418$new_n12010 (via $abc$27418$auto$blifparse.cc:396:parse_blif$38995)
   49: $abc$27418$new_n12011 (via $abc$27418$auto$blifparse.cc:396:parse_blif$38996)
   50: $abc$27418$new_n13493 (via $abc$27418$auto$blifparse.cc:396:parse_blif$40478)
   51: $abc$27418$new_n13494 (via $abc$27418$auto$blifparse.cc:396:parse_blif$40479)
   52: $abc$27418$new_n14255 (via $abc$27418$auto$blifparse.cc:396:parse_blif$41240)
   53: $abc$27418$new_n14256 (via $abc$27418$auto$blifparse.cc:396:parse_blif$41241)
   54: \cus_result [31] (via $abc$27418$auto$blifparse.cc:396:parse_blif$41242)
   55: $abc$27418$new_n14258 (via $abc$27418$auto$blifparse.cc:396:parse_blif$41243)
   56: $abc$27418$new_n14259 (via $abc$27418$auto$blifparse.cc:396:parse_blif$41244)
   57: $0\result[31:0] [31] (via $abc$27418$auto$blifparse.cc:396:parse_blif$41245)
   ff: \result [31] (via $auto$ff.cc:266:slice$498)

Warnings: 2 unique messages, 2 total
End of script. Logfile hash: d3815bfa9b, CPU: user 1.42s system 0.02s, MEM: 64.77 MB peak
Yosys 0.52 (git sha1 fee39a3284c90249e1d9684cf6944ffbbcbb8f90)
Time spent: 43% 1x abc (0 sec), 15% 18x opt_expr (0 sec), ...
