
 /----------------------------------------------------------------------------\
 |  yosys -- Yosys Open SYnthesis Suite                                       |
 |  Copyright (C) 2012 - 2025  Claire Xenia Wolf <claire@yosyshq.com>         |
 |  Distributed under an ISC-like license, type "license" to see terms        |
 \----------------------------------------------------------------------------/
 Yosys 0.52 (git sha1 fee39a3284c90249e1d9684cf6944ffbbcbb8f90)

-- Executing script file `/dev/stdin' --

1. Executing Verilog-2005 frontend: rtl/core/alu.sv
Parsing SystemVerilog input from `rtl/core/alu.sv' to AST representation.
Generating RTLIL representation for module `\alu'.
Successfully finished Verilog frontend.

2. Executing Verilog-2005 frontend: rtl/core/regfile.sv
Parsing SystemVerilog input from `rtl/core/regfile.sv' to AST representation.
Generating RTLIL representation for module `\regfile'.
Successfully finished Verilog frontend.

3. Executing Verilog-2005 frontend: rtl/core/imm_gen.sv
Parsing SystemVerilog input from `rtl/core/imm_gen.sv' to AST representation.
Generating RTLIL representation for module `\imm_gen'.
Successfully finished Verilog frontend.

4. Executing Verilog-2005 frontend: rtl/core/decoder.sv
Parsing SystemVerilog input from `rtl/core/decoder.sv' to AST representation.
Generating RTLIL representation for module `\decoder'.
Successfully finished Verilog frontend.

5. Executing Verilog-2005 frontend: rtl/mem/imem.sv
Parsing SystemVerilog input from `rtl/mem/imem.sv' to AST representation.
Generating RTLIL representation for module `\imem'.
Successfully finished Verilog frontend.

6. Executing Verilog-2005 frontend: rtl/mem/dmem.sv
Parsing SystemVerilog input from `rtl/mem/dmem.sv' to AST representation.
Generating RTLIL representation for module `\dmem'.
Successfully finished Verilog frontend.

7. Executing Verilog-2005 frontend: rtl/periph/uart_tx.sv
Parsing SystemVerilog input from `rtl/periph/uart_tx.sv' to AST representation.
Generating RTLIL representation for module `\uart_tx'.
Successfully finished Verilog frontend.

8. Executing Verilog-2005 frontend: rtl/periph/uart_rx.sv
Parsing SystemVerilog input from `rtl/periph/uart_rx.sv' to AST representation.
Generating RTLIL representation for module `\uart_rx'.
Successfully finished Verilog frontend.

9. Executing Verilog-2005 frontend: rtl/periph/uart.sv
Parsing SystemVerilog input from `rtl/periph/uart.sv' to AST representation.
Generating RTLIL representation for module `\uart'.
Successfully finished Verilog frontend.

10. Executing Verilog-2005 frontend: rtl/periph/timer.sv
Parsing SystemVerilog input from `rtl/periph/timer.sv' to AST representation.
Generating RTLIL representation for module `\timer'.
Successfully finished Verilog frontend.

11. Executing Verilog-2005 frontend: rtl/custom/dotp.sv
Parsing SystemVerilog input from `rtl/custom/dotp.sv' to AST representation.
Generating RTLIL representation for module `\dotp'.
Warning: Replacing memory \b with list of registers. See rtl/custom/dotp.sv:63
Warning: Replacing memory \a with list of registers. See rtl/custom/dotp.sv:62
Successfully finished Verilog frontend.

12. Executing HIERARCHY pass (managing design hierarchy).

12.1. Analyzing design hierarchy..
Top module:  \timer

12.2. Analyzing design hierarchy..
Top module:  \timer
Removing unused module `\dotp'.
Removing unused module `\uart'.
Removing unused module `\uart_rx'.
Removing unused module `\uart_tx'.
Removing unused module `\dmem'.
Removing unused module `\imem'.
Removing unused module `\decoder'.
Removing unused module `\imm_gen'.
Removing unused module `\regfile'.
Removing unused module `\alu'.
Removed 10 unused modules.

13. Executing FLATTEN pass (flatten design).

14. Executing SYNTH pass.

14.1. Executing HIERARCHY pass (managing design hierarchy).

14.1.1. Analyzing design hierarchy..
Top module:  \timer

14.1.2. Analyzing design hierarchy..
Top module:  \timer
Removed 0 unused modules.

14.2. Executing PROC pass (convert processes to netlists).

14.2.1. Executing PROC_CLEAN pass (remove empty switches from decision trees).
Cleaned up 0 empty switches.

14.2.2. Executing PROC_RMDEAD pass (remove dead branches from decision trees).
Marked 1 switch rules as full_case in process $proc$rtl/periph/timer.sv:0$118 in module timer.
Marked 1 switch rules as full_case in process $proc$rtl/periph/timer.sv:28$113 in module timer.
Removed a total of 0 dead cases.

14.2.3. Executing PROC_PRUNE pass (remove redundant assignments in processes).
Removed 1 redundant assignment.
Promoted 1 assignment to connection.

14.2.4. Executing PROC_INIT pass (extract init attributes).

14.2.5. Executing PROC_ARST pass (detect async resets in processes).
Found async reset \rst_n in `\timer.$proc$rtl/periph/timer.sv:28$113'.

14.2.6. Executing PROC_ROM pass (convert switches to ROMs).
Converted 0 switches.
<suppressed ~5 debug messages>

14.2.7. Executing PROC_MUX pass (convert decision trees to multiplexers).
Creating decoders for process `\timer.$proc$rtl/periph/timer.sv:0$118'.
     1/1: $1\rdata[31:0]
Creating decoders for process `\timer.$proc$rtl/periph/timer.sv:28$113'.
     1/4: $0\cnt[31:0]
     2/4: $0\pending[0:0]
     3/4: $0\ie[0:0]
     4/4: $0\cmp[31:0]

14.2.8. Executing PROC_DLATCH pass (convert process syncs to latches).
No latch inferred for signal `\timer.\rdata' from process `\timer.$proc$rtl/periph/timer.sv:0$118'.

14.2.9. Executing PROC_DFF pass (convert process syncs to FFs).
Creating register for signal `\timer.\cnt' using process `\timer.$proc$rtl/periph/timer.sv:28$113'.
  created $adff cell `$procdff$194' with positive edge clock and positive level reset.
Creating register for signal `\timer.\cmp' using process `\timer.$proc$rtl/periph/timer.sv:28$113'.
  created $adff cell `$procdff$199' with positive edge clock and positive level reset.
Creating register for signal `\timer.\ie' using process `\timer.$proc$rtl/periph/timer.sv:28$113'.
  created $adff cell `$procdff$204' with positive edge clock and positive level reset.
Creating register for signal `\timer.\pending' using process `\timer.$proc$rtl/periph/timer.sv:28$113'.
  created $adff cell `$procdff$209' with positive edge clock and positive level reset.

14.2.10. Executing PROC_MEMWR pass (convert process memory writes to cells).

14.2.11. Executing PROC_CLEAN pass (remove empty switches from decision trees).
Found and cleaned up 1 empty switch in `\timer.$proc$rtl/periph/timer.sv:0$118'.
Removing empty process `timer.$proc$rtl/periph/timer.sv:0$118'.
Found and cleaned up 4 empty switches in `\timer.$proc$rtl/periph/timer.sv:28$113'.
Removing empty process `timer.$proc$rtl/periph/timer.sv:28$113'.
Cleaned up 5 empty switches.

14.2.12. Executing OPT_EXPR pass (perform const folding).
Optimizing module timer.
<suppressed ~10 debug messages>

14.3. Executing OPT_EXPR pass (perform const folding).
Optimizing module timer.

14.4. Executing OPT_CLEAN pass (remove unused cells and wires).
Finding unused cells or wires in module \timer..
Removed 5 unused cells and 23 unused wires.
<suppressed ~6 debug messages>

14.5. Executing CHECK pass (checking for obvious problems).
Checking module timer...
Found and reported 0 problems.

14.6. Executing OPT pass (performing simple optimizations).

14.6.1. Executing OPT_EXPR pass (perform const folding).
Optimizing module timer.

14.6.2. Executing OPT_MERGE pass (detect identical cells).
Finding identical cells in module `\timer'.
<suppressed ~12 debug messages>
Removed a total of 4 cells.

14.6.3. Executing OPT_MUXTREE pass (detect dead branches in mux trees).
Running muxtree optimizer on module \timer..
  Creating internal representation of mux trees.
  Evaluating internal representation of mux trees.
  Analyzing evaluation results.
Removed 0 multiplexer ports.
<suppressed ~6 debug messages>

14.6.4. Executing OPT_REDUCE pass (consolidate $*mux and $reduce_* inputs).
  Optimizing cells in module \timer.
Performed a total of 0 changes.

14.6.5. Executing OPT_MERGE pass (detect identical cells).
Finding identical cells in module `\timer'.
Removed a total of 0 cells.

14.6.6. Executing OPT_DFF pass (perform DFF optimizations).

14.6.7. Executing OPT_CLEAN pass (remove unused cells and wires).
Finding unused cells or wires in module \timer..
Removed 0 unused cells and 4 unused wires.
<suppressed ~1 debug messages>

14.6.8. Executing OPT_EXPR pass (perform const folding).
Optimizing module timer.

14.6.9. Rerunning OPT passes. (Maybe there is more to do..)

14.6.10. Executing OPT_MUXTREE pass (detect dead branches in mux trees).
Running muxtree optimizer on module \timer..
  Creating internal representation of mux trees.
  Evaluating internal representation of mux trees.
  Analyzing evaluation results.
Removed 0 multiplexer ports.
<suppressed ~6 debug messages>

14.6.11. Executing OPT_REDUCE pass (consolidate $*mux and $reduce_* inputs).
  Optimizing cells in module \timer.
Performed a total of 0 changes.

14.6.12. Executing OPT_MERGE pass (detect identical cells).
Finding identical cells in module `\timer'.
Removed a total of 0 cells.

14.6.13. Executing OPT_DFF pass (perform DFF optimizations).

14.6.14. Executing OPT_CLEAN pass (remove unused cells and wires).
Finding unused cells or wires in module \timer..

14.6.15. Executing OPT_EXPR pass (perform const folding).
Optimizing module timer.

14.6.16. Finished OPT passes. (There is nothing left to do.)

14.7. Executing FSM pass (extract and optimize FSM).

14.7.1. Executing FSM_DETECT pass (finding FSMs in design).

14.7.2. Executing FSM_EXTRACT pass (extracting FSM from design).

14.7.3. Executing FSM_OPT pass (simple optimizations of FSMs).

14.7.4. Executing OPT_CLEAN pass (remove unused cells and wires).
Finding unused cells or wires in module \timer..

14.7.5. Executing FSM_OPT pass (simple optimizations of FSMs).

14.7.6. Executing FSM_RECODE pass (re-assigning FSM state encoding).

14.7.7. Executing FSM_INFO pass (dumping all available information on FSM cells).

14.7.8. Executing FSM_MAP pass (mapping FSMs to basic logic).

14.8. Executing OPT pass (performing simple optimizations).

14.8.1. Executing OPT_EXPR pass (perform const folding).
Optimizing module timer.

14.8.2. Executing OPT_MERGE pass (detect identical cells).
Finding identical cells in module `\timer'.
Removed a total of 0 cells.

14.8.3. Executing OPT_MUXTREE pass (detect dead branches in mux trees).
Running muxtree optimizer on module \timer..
  Creating internal representation of mux trees.
  Evaluating internal representation of mux trees.
  Analyzing evaluation results.
Removed 0 multiplexer ports.
<suppressed ~6 debug messages>

14.8.4. Executing OPT_REDUCE pass (consolidate $*mux and $reduce_* inputs).
  Optimizing cells in module \timer.
Performed a total of 0 changes.

14.8.5. Executing OPT_MERGE pass (detect identical cells).
Finding identical cells in module `\timer'.
Removed a total of 0 cells.

14.8.6. Executing OPT_DFF pass (perform DFF optimizations).
Adding EN signal on $procdff$204 ($adff) from module timer (D = \wdata [0], Q = \ie).
Adding EN signal on $procdff$199 ($adff) from module timer (D = \wdata, Q = \cmp).

14.8.7. Executing OPT_CLEAN pass (remove unused cells and wires).
Finding unused cells or wires in module \timer..
Removed 4 unused cells and 4 unused wires.
<suppressed ~5 debug messages>

14.8.8. Executing OPT_EXPR pass (perform const folding).
Optimizing module timer.

14.8.9. Rerunning OPT passes. (Maybe there is more to do..)

14.8.10. Executing OPT_MUXTREE pass (detect dead branches in mux trees).
Running muxtree optimizer on module \timer..
  Creating internal representation of mux trees.
  Evaluating internal representation of mux trees.
  Analyzing evaluation results.
Removed 0 multiplexer ports.
<suppressed ~4 debug messages>

14.8.11. Executing OPT_REDUCE pass (consolidate $*mux and $reduce_* inputs).
  Optimizing cells in module \timer.
Performed a total of 0 changes.

14.8.12. Executing OPT_MERGE pass (detect identical cells).
Finding identical cells in module `\timer'.
Removed a total of 0 cells.

14.8.13. Executing OPT_DFF pass (perform DFF optimizations).

14.8.14. Executing OPT_CLEAN pass (remove unused cells and wires).
Finding unused cells or wires in module \timer..

14.8.15. Executing OPT_EXPR pass (perform const folding).
Optimizing module timer.

14.8.16. Finished OPT passes. (There is nothing left to do.)

14.9. Executing WREDUCE pass (reducing word size of cells).
Removed top 3 bits (of 4) from port B of cell timer.$procmux$165_CMP0 ($eq).
Removed top 2 bits (of 4) from port B of cell timer.$procmux$164_CMP0 ($eq).
Removed top 31 bits (of 32) from port B of cell timer.$add$rtl/periph/timer.sv:35$115 ($add).

14.10. Executing PEEPOPT pass (run peephole optimizers).

14.11. Executing OPT_CLEAN pass (remove unused cells and wires).
Finding unused cells or wires in module \timer..

14.12. Executing ALUMACC pass (create $alu and $macc cells).
Extracting $alu and $macc cells in module timer:
  creating $macc model for $add$rtl/periph/timer.sv:35$115 ($add).
  creating $alu model for $macc $add$rtl/periph/timer.sv:35$115.
  creating $alu cell for $add$rtl/periph/timer.sv:35$115: $auto$alumacc.cc:495:replace_alu$216
  created 1 $alu and 0 $macc cells.

14.13. Executing SHARE pass (SAT-based resource sharing).

14.14. Executing OPT pass (performing simple optimizations).

14.14.1. Executing OPT_EXPR pass (perform const folding).
Optimizing module timer.

14.14.2. Executing OPT_MERGE pass (detect identical cells).
Finding identical cells in module `\timer'.
Removed a total of 0 cells.

14.14.3. Executing OPT_MUXTREE pass (detect dead branches in mux trees).
Running muxtree optimizer on module \timer..
  Creating internal representation of mux trees.
  Evaluating internal representation of mux trees.
  Analyzing evaluation results.
Removed 0 multiplexer ports.
<suppressed ~4 debug messages>

14.14.4. Executing OPT_REDUCE pass (consolidate $*mux and $reduce_* inputs).
  Optimizing cells in module \timer.
Performed a total of 0 changes.

14.14.5. Executing OPT_MERGE pass (detect identical cells).
Finding identical cells in module `\timer'.
Removed a total of 0 cells.

14.14.6. Executing OPT_DFF pass (perform DFF optimizations).

14.14.7. Executing OPT_CLEAN pass (remove unused cells and wires).
Finding unused cells or wires in module \timer..

14.14.8. Executing OPT_EXPR pass (perform const folding).
Optimizing module timer.

14.14.9. Finished OPT passes. (There is nothing left to do.)

14.15. Executing MEMORY pass.

14.15.1. Executing OPT_MEM pass (optimize memories).
Performed a total of 0 transformations.

14.15.2. Executing OPT_MEM_PRIORITY pass (removing unnecessary memory write priority relations).
Performed a total of 0 transformations.

14.15.3. Executing OPT_MEM_FEEDBACK pass (finding memory read-to-write feedback paths).

14.15.4. Executing MEMORY_BMUX2ROM pass (converting muxes to ROMs).

14.15.5. Executing MEMORY_DFF pass (merging $dff cells to $memrd).

14.15.6. Executing OPT_CLEAN pass (remove unused cells and wires).
Finding unused cells or wires in module \timer..

14.15.7. Executing MEMORY_SHARE pass (consolidating $memrd/$memwr cells).

14.15.8. Executing OPT_MEM_WIDEN pass (optimize memories where all ports are wide).
Performed a total of 0 transformations.

14.15.9. Executing OPT_CLEAN pass (remove unused cells and wires).
Finding unused cells or wires in module \timer..

14.15.10. Executing MEMORY_COLLECT pass (generating $mem cells).

14.16. Executing OPT_CLEAN pass (remove unused cells and wires).
Finding unused cells or wires in module \timer..

14.17. Executing OPT pass (performing simple optimizations).

14.17.1. Executing OPT_EXPR pass (perform const folding).
Optimizing module timer.
<suppressed ~1 debug messages>

14.17.2. Executing OPT_MERGE pass (detect identical cells).
Finding identical cells in module `\timer'.
Removed a total of 0 cells.

14.17.3. Executing OPT_DFF pass (perform DFF optimizations).

14.17.4. Executing OPT_CLEAN pass (remove unused cells and wires).
Finding unused cells or wires in module \timer..

14.17.5. Finished fast OPT passes.

14.18. Executing MEMORY_MAP pass (converting memories to logic and flip-flops).

14.19. Executing OPT pass (performing simple optimizations).

14.19.1. Executing OPT_EXPR pass (perform const folding).
Optimizing module timer.

14.19.2. Executing OPT_MERGE pass (detect identical cells).
Finding identical cells in module `\timer'.
Removed a total of 0 cells.

14.19.3. Executing OPT_MUXTREE pass (detect dead branches in mux trees).
Running muxtree optimizer on module \timer..
  Creating internal representation of mux trees.
  Evaluating internal representation of mux trees.
  Analyzing evaluation results.
Removed 0 multiplexer ports.
<suppressed ~3 debug messages>

14.19.4. Executing OPT_REDUCE pass (consolidate $*mux and $reduce_* inputs).
  Optimizing cells in module \timer.
Performed a total of 0 changes.

14.19.5. Executing OPT_MERGE pass (detect identical cells).
Finding identical cells in module `\timer'.
Removed a total of 0 cells.

14.19.6. Executing OPT_SHARE pass.

14.19.7. Executing OPT_DFF pass (perform DFF optimizations).

14.19.8. Executing OPT_CLEAN pass (remove unused cells and wires).
Finding unused cells or wires in module \timer..

14.19.9. Executing OPT_EXPR pass (perform const folding).
Optimizing module timer.

14.19.10. Finished OPT passes. (There is nothing left to do.)

14.20. Executing TECHMAP pass (map to technology primitives).

14.20.1. Executing Verilog-2005 frontend: /usr/bin/../share/yosys/techmap.v
Parsing Verilog input from `/usr/bin/../share/yosys/techmap.v' to AST representation.
Generating RTLIL representation for module `\_90_simplemap_bool_ops'.
Generating RTLIL representation for module `\_90_simplemap_reduce_ops'.
Generating RTLIL representation for module `\_90_simplemap_logic_ops'.
Generating RTLIL representation for module `\_90_simplemap_compare_ops'.
Generating RTLIL representation for module `\_90_simplemap_various'.
Generating RTLIL representation for module `\_90_simplemap_registers'.
Generating RTLIL representation for module `\_90_shift_ops_shr_shl_sshl_sshr'.
Generating RTLIL representation for module `\_90_shift_shiftx'.
Generating RTLIL representation for module `\_90_fa'.
Generating RTLIL representation for module `\_90_lcu_brent_kung'.
Generating RTLIL representation for module `\_90_alu'.
Generating RTLIL representation for module `\_90_macc'.
Generating RTLIL representation for module `\_90_alumacc'.
Generating RTLIL representation for module `\$__div_mod_u'.
Generating RTLIL representation for module `\$__div_mod_trunc'.
Generating RTLIL representation for module `\_90_div'.
Generating RTLIL representation for module `\_90_mod'.
Generating RTLIL representation for module `\$__div_mod_floor'.
Generating RTLIL representation for module `\_90_divfloor'.
Generating RTLIL representation for module `\_90_modfloor'.
Generating RTLIL representation for module `\_90_pow'.
Generating RTLIL representation for module `\_90_pmux'.
Generating RTLIL representation for module `\_90_demux'.
Generating RTLIL representation for module `\_90_lut'.
Successfully finished Verilog frontend.

14.20.2. Continuing TECHMAP pass.
Using extmapper simplemap for cells of type $mux.
Using extmapper simplemap for cells of type $or.
Using extmapper simplemap for cells of type $adffe.
Using extmapper simplemap for cells of type $reduce_and.
Using extmapper simplemap for cells of type $logic_not.
Using extmapper simplemap for cells of type $eq.
Using template $paramod$54d740639e1393b22262823179ff783ea9f17a35\_90_pmux for cells of type $pmux.
Using extmapper simplemap for cells of type $adff.
Using extmapper simplemap for cells of type $and.
Using template $paramod$6a42b6fefed750f8a1c58eab59479d960557103c\_90_alu for cells of type $alu.
Using extmapper simplemap for cells of type $logic_and.
Using extmapper simplemap for cells of type $reduce_or.
Using extmapper simplemap for cells of type $xor.
Using template $paramod\_90_lcu_brent_kung\WIDTH=32'00000000000000000000000000100000 for cells of type $lcu.
Using extmapper simplemap for cells of type $pos.
Using extmapper simplemap for cells of type $not.
No more expansions possible.
<suppressed ~451 debug messages>

14.21. Executing OPT pass (performing simple optimizations).

14.21.1. Executing OPT_EXPR pass (perform const folding).
Optimizing module timer.
<suppressed ~284 debug messages>

14.21.2. Executing OPT_MERGE pass (detect identical cells).
Finding identical cells in module `\timer'.
<suppressed ~9 debug messages>
Removed a total of 3 cells.

14.21.3. Executing OPT_DFF pass (perform DFF optimizations).

14.21.4. Executing OPT_CLEAN pass (remove unused cells and wires).
Finding unused cells or wires in module \timer..
Removed 36 unused cells and 258 unused wires.
<suppressed ~37 debug messages>

14.21.5. Finished fast OPT passes.

14.22. Executing ABC pass (technology mapping using ABC).

14.22.1. Extracting gate netlist of module `\timer' to `<abc-temp-dir>/input.blif'..
Extracted 366 gates and 471 wires to a netlist network with 104 inputs and 68 outputs.

14.22.1.1. Executing ABC.
Running ABC command: "<yosys-exe-dir>/yosys-abc" -s -f <abc-temp-dir>/abc.script 2>&1
ABC: ABC command line: "source <abc-temp-dir>/abc.script".
ABC: 
ABC: + read_blif <abc-temp-dir>/input.blif 
ABC: + read_library <abc-temp-dir>/stdcells.genlib 
ABC: + strash 
ABC: + dretime 
ABC: + map 
ABC: + write_blif <abc-temp-dir>/output.blif 

14.22.1.2. Re-integrating ABC results.
ABC RESULTS:               AND cells:       37
ABC RESULTS:            ANDNOT cells:       88
ABC RESULTS:               MUX cells:       66
ABC RESULTS:              NAND cells:       47
ABC RESULTS:               NOR cells:        3
ABC RESULTS:               NOT cells:        1
ABC RESULTS:                OR cells:       53
ABC RESULTS:             ORNOT cells:        2
ABC RESULTS:              XNOR cells:       15
ABC RESULTS:               XOR cells:       48
ABC RESULTS:        internal signals:      299
ABC RESULTS:           input signals:      104
ABC RESULTS:          output signals:       68
Removing temp directory.

14.23. Executing OPT pass (performing simple optimizations).

14.23.1. Executing OPT_EXPR pass (perform const folding).
Optimizing module timer.

14.23.2. Executing OPT_MERGE pass (detect identical cells).
Finding identical cells in module `\timer'.
Removed a total of 0 cells.

14.23.3. Executing OPT_DFF pass (perform DFF optimizations).

14.23.4. Executing OPT_CLEAN pass (remove unused cells and wires).
Finding unused cells or wires in module \timer..
Removed 0 unused cells and 224 unused wires.
<suppressed ~1 debug messages>

14.23.5. Finished fast OPT passes.

14.24. Executing HIERARCHY pass (managing design hierarchy).
Attribute `top' found on module `timer'. Setting top module to timer.

14.24.1. Analyzing design hierarchy..
Top module:  \timer

14.24.2. Analyzing design hierarchy..
Top module:  \timer
Removed 0 unused modules.

14.25. Printing statistics.

=== timer ===

   Number of wires:                308
   Number of wire bits:            466
   Number of public wires:          12
   Number of public wire bits:     139
   Number of ports:                  8
   Number of port bits:             73
   Number of memories:               0
   Number of memory bits:            0
   Number of processes:              0
   Number of cells:                426
     $_ANDNOT_                      88
     $_AND_                         37
     $_DFFE_PN0P_                    1
     $_DFFE_PN1P_                   32
     $_DFF_PN0_                     33
     $_MUX_                         66
     $_NAND_                        47
     $_NOR_                          3
     $_NOT_                          1
     $_ORNOT_                        2
     $_OR_                          53
     $_XNOR_                        15
     $_XOR_                         48

14.26. Executing CHECK pass (checking for obvious problems).
Checking module timer...
Found and reported 0 problems.

15. Executing LTP pass (find longest path).

Longest topological path in timer (length=11):
    0: \cnt [15]
    1: $abc$1331$new_n253 (via $abc$1331$auto$blifparse.cc:396:parse_blif$1412)
    2: $abc$1331$new_n254 (via $abc$1331$auto$blifparse.cc:396:parse_blif$1413)
    3: $abc$1331$new_n255 (via $abc$1331$auto$blifparse.cc:396:parse_blif$1414)
    4: $abc$1331$new_n256 (via $abc$1331$auto$blifparse.cc:396:parse_blif$1415)
    5: $abc$1331$new_n295 (via $abc$1331$auto$blifparse.cc:396:parse_blif$1454)
    6: $abc$1331$new_n314 (via $abc$1331$auto$blifparse.cc:396:parse_blif$1473)
    7: $abc$1331$new_n323 (via $abc$1331$auto$blifparse.cc:396:parse_blif$1482)
    8: $abc$1331$new_n327 (via $abc$1331$auto$blifparse.cc:396:parse_blif$1486)
    9: $abc$1331$new_n328 (via $abc$1331$auto$blifparse.cc:396:parse_blif$1487)
   10: $abc$1331$new_n329 (via $abc$1331$auto$blifparse.cc:396:parse_blif$1488)
   11: $0\cnt[31:0] [31] (via $abc$1331$auto$blifparse.cc:396:parse_blif$1489)
   ff: \cnt [31] (via $auto$ff.cc:266:slice$504)

Warnings: 2 unique messages, 2 total
End of script. Logfile hash: 5d136dc299, CPU: user 0.11s system 0.00s, MEM: 18.62 MB peak
Yosys 0.52 (git sha1 fee39a3284c90249e1d9684cf6944ffbbcbb8f90)
Time spent: 35% 1x abc (0 sec), 12% 17x opt_expr (0 sec), ...
